Component: ARM Compiler 5.05 update 1 (build 106) Tool: armlink [4d0efa]

==============================================================================

Section Cross References

    main.o(.text) refers to dleqf.o(x$fpl$dleqf) for __aeabi_cdcmple
    main.o(.text) refers to dfix.o(x$fpl$dfix) for __aeabi_d2iz
    main.o(.text) refers to adc.o(.text) for Get_Adc
    main.o(.text) refers to delay.o(.text) for delay_us
    main.o(.text) refers to dflt_clz.o(x$fpl$dfltu) for __aeabi_ui2d
    main.o(.text) refers to ddiv.o(x$fpl$ddiv) for __aeabi_ddiv
    main.o(.text) refers to daddsub_clz.o(x$fpl$dadd) for __aeabi_dadd
    main.o(.text) refers to dfixu.o(x$fpl$dfixu) for __aeabi_d2uiz
    main.o(.text) refers to dmul.o(x$fpl$dmul) for __aeabi_dmul
    main.o(.text) refers to main.o(.bss) for str
    main.o(.text) refers to main.o(.data) for j
    main.o(.text) refers to dflt_clz.o(x$fpl$dflt) for __aeabi_i2d
    main.o(.text) refers to d2f.o(x$fpl$d2f) for __aeabi_d2f
    main.o(.text) refers to f2d.o(x$fpl$f2d) for __aeabi_f2d
    main.o(.text) refers to drleqf.o(x$fpl$drleqf) for __aeabi_cdrcmple
    main.o(.text) refers to misc.o(.text) for NVIC_PriorityGroupConfig
    main.o(.text) refers to usart.o(.text) for uart_init
    main.o(.text) refers to led.o(.text) for LED_Init
    main.o(.text) refers to lcd.o(.text) for LCD_Init
    main.o(.text) refers to exti.o(.text) for EXTIX_Init
    main.o(.text) refers to lcd.o(.data) for POINT_COLOR
    main.o(.text) refers to exti.o(.data) for model
    system_stm32f4xx.o(.text) refers to system_stm32f4xx.o(.data) for SystemCoreClock
    led.o(.text) refers to stm32f4xx_rcc.o(.text) for RCC_AHB1PeriphClockCmd
    led.o(.text) refers to stm32f4xx_gpio.o(.text) for GPIO_Init
    lcd.o(.text) refers to _printf_percent.o(.ARM.Collect$$_printf_percent$$00000000) for _printf_percent
    lcd.o(.text) refers to _printf_x.o(.ARM.Collect$$_printf_percent$$0000000C) for _printf_x
    lcd.o(.text) refers to _printf_hex_int.o(.text) for _printf_longlong_hex
    lcd.o(.text) refers to delay.o(.text) for delay_us
    lcd.o(.text) refers to lcd.o(.bss) for lcddev
    lcd.o(.text) refers to lcd.o(.data) for POINT_COLOR
    lcd.o(.text) refers to dflt_clz.o(x$fpl$dfltu) for __aeabi_ui2d
    lcd.o(.text) refers to dmul.o(x$fpl$dmul) for __aeabi_dmul
    lcd.o(.text) refers to dfixu.o(x$fpl$dfixu) for __aeabi_d2uiz
    lcd.o(.text) refers to stm32f4xx_rcc.o(.text) for RCC_AHB1PeriphClockCmd
    lcd.o(.text) refers to stm32f4xx_gpio.o(.text) for GPIO_Init
    lcd.o(.text) refers to stm32f4xx_fsmc.o(.text) for FSMC_NORSRAMInit
    lcd.o(.text) refers to noretval__2printf.o(.text) for __2printf
    lcd.o(.text) refers to lcd.o(.constdata) for asc2_1206
    adc.o(.text) refers to stm32f4xx_rcc.o(.text) for RCC_AHB1PeriphClockCmd
    adc.o(.text) refers to stm32f4xx_gpio.o(.text) for GPIO_Init
    adc.o(.text) refers to stm32f4xx_adc.o(.text) for ADC_CommonInit
    key.o(.text) refers to stm32f4xx_rcc.o(.text) for RCC_AHB1PeriphClockCmd
    key.o(.text) refers to stm32f4xx_gpio.o(.text) for GPIO_Init
    key.o(.text) refers to delay.o(.text) for delay_ms
    key.o(.text) refers to key.o(.data) for key_up
    exti.o(.text) refers to delay.o(.text) for delay_ms
    exti.o(.text) refers to stm32f4xx_gpio.o(.text) for GPIO_ReadInputDataBit
    exti.o(.text) refers to stm32f4xx_exti.o(.text) for EXTI_ClearITPendingBit
    exti.o(.text) refers to lcd.o(.text) for LCD_ShowString
    exti.o(.text) refers to key.o(.text) for KEY_Init
    exti.o(.text) refers to stm32f4xx_rcc.o(.text) for RCC_APB2PeriphClockCmd
    exti.o(.text) refers to stm32f4xx_syscfg.o(.text) for SYSCFG_EXTILineConfig
    exti.o(.text) refers to misc.o(.text) for NVIC_Init
    exti.o(.text) refers to exti.o(.data) for model
    delay.o(.text) refers to misc.o(.text) for SysTick_CLKSourceConfig
    delay.o(.text) refers to delay.o(.data) for fac_us
    usart.o(.rev16_text) refers (Special) to use_no_semi_2.o(.text) for __use_no_semihosting
    usart.o(.revsh_text) refers (Special) to use_no_semi_2.o(.text) for __use_no_semihosting
    usart.o(.text) refers (Special) to use_no_semi_2.o(.text) for __use_no_semihosting
    usart.o(.text) refers to stm32f4xx_rcc.o(.text) for RCC_AHB1PeriphClockCmd
    usart.o(.text) refers to stm32f4xx_gpio.o(.text) for GPIO_PinAFConfig
    usart.o(.text) refers to stm32f4xx_usart.o(.text) for USART_Init
    usart.o(.text) refers to misc.o(.text) for NVIC_Init
    usart.o(.text) refers to usart.o(.data) for USART_RX_STA
    usart.o(.text) refers to usart.o(.bss) for USART_RX_BUF
    usart.o(.bss) refers (Special) to use_no_semi_2.o(.text) for __use_no_semihosting
    usart.o(.data) refers (Special) to use_no_semi_2.o(.text) for __use_no_semihosting
    startup_stm32f40_41xxx.o(STACK) refers (Special) to heapauxi.o(.text) for __use_two_region_memory
    startup_stm32f40_41xxx.o(HEAP) refers (Special) to heapauxi.o(.text) for __use_two_region_memory
[...]
    ../clib/printf.c                         0x00000000   Number         0  __2printf.o ABSOLUTE
    ../clib/printf.c                         0x00000000   Number         0  _printf_hex_int_ll_ptr.o ABSOLUTE
    ../clib/printf.c                         0x00000000   Number         0  __printf_flags.o ABSOLUTE
    ../clib/printf.c                         0x00000000   Number         0  __printf_flags_ss.o ABSOLUTE
    ../clib/printf.c                         0x00000000   Number         0  __printf_flags_wp.o ABSOLUTE
    ../clib/printf.c                         0x00000000   Number         0  __printf_ss_wp.o ABSOLUTE
    ../clib/printf.c                         0x00000000   Number         0  __printf_flags_ss_wp.o ABSOLUTE
    ../clib/printf.c                         0x00000000   Number         0  __printf_ss.o ABSOLUTE
    ../clib/printf.c                         0x00000000   Number         0  _printf_hex_ll_ptr.o ABSOLUTE
    ../clib/printf.c                         0x00000000   Number         0  _printf_char_common.o ABSOLUTE
    ../clib/printf.c                         0x00000000   Number         0  _printf_hex_int_ptr.o ABSOLUTE
    ../clib/printf.c                         0x00000000   Number         0  _printf_hex_ptr.o ABSOLUTE
    ../clib/printf_percent.s                 0x00000000   Number         0  _printf_percent_end.o ABSOLUTE
    ../clib/printf_percent.s                 0x00000000   Number         0  _printf_percent.o ABSOLUTE
    ../clib/printf_percent.s                 0x00000000   Number         0  _printf_x.o ABSOLUTE
    ../clib/signal.c                         0x00000000   Number         0  defsig_rtmem_formal.o ABSOLUTE
    ../clib/signal.c                         0x00000000   Number         0  defsig_rtmem_outer.o ABSOLUTE
    ../clib/signal.c                         0x00000000   Number         0  defsig_other.o ABSOLUTE
    ../clib/signal.c                         0x00000000   Number         0  defsig_segv_inner.o ABSOLUTE
    ../clib/signal.c                         0x00000000   Number         0  defsig_cppl_inner.o ABSOLUTE
    ../clib/signal.c                         0x00000000   Number         0  defsig_pvfn_inner.o ABSOLUTE
    ../clib/signal.c                         0x00000000   Number         0  defsig_stak_inner.o ABSOLUTE
    ../clib/signal.c                         0x00000000   Number         0  defsig_fpe_inner.o ABSOLUTE
    ../clib/signal.c                         0x00000000   Number         0  defsig_abrt_inner.o ABSOLUTE
    ../clib/signal.c                         0x00000000   Number         0  defsig_general.o ABSOLUTE
    ../clib/signal.c                         0x00000000   Number         0  __raise.o ABSOLUTE
    ../clib/signal.c                         0x00000000   Number         0  defsig_rtmem_inner.o ABSOLUTE
    ../clib/signal.c                         0x00000000   Number         0  defsig_exit.o ABSOLUTE
    ../clib/signal.c                         0x00000000   Number         0  defsig_rtred_inner.o ABSOLUTE
    ../clib/signal.s                         0x00000000   Number         0  defsig.o ABSOLUTE
    ../clib/stdio.c                          0x00000000   Number         0  ferror_locked.o ABSOLUTE
    ../clib/stdio.c                          0x00000000   Number         0  ferror.o ABSOLUTE
    ../clib/stdlib.c                         0x00000000   Number         0  exit.o ABSOLUTE
    ../fplib/d2f.s                           0x00000000   Number         0  d2f.o ABSOLUTE
    ../fplib/daddsub.s                       0x00000000   Number         0  daddsub_clz.o ABSOLUTE
    ../fplib/dcmpi.s                         0x00000000   Number         0  dcmpi.o ABSOLUTE
    ../fplib/ddiv.s                          0x00000000   Number         0  ddiv.o ABSOLUTE
    ../fplib/dfix.s                          0x00000000   Number         0  dfix.o ABSOLUTE
    ../fplib/dfixu.s                         0x00000000   Number         0  dfixu.o ABSOLUTE
    ../fplib/dflt.s                          0x00000000   Number         0  dflt_clz.o ABSOLUTE
    ../fplib/dleqf.s                         0x00000000   Number         0  dleqf.o ABSOLUTE
    ../fplib/dmul.s                          0x00000000   Number         0  dmul.o ABSOLUTE
    ../fplib/dnaninf.s                       0x00000000   Number         0  dnaninf.o ABSOLUTE
    ../fplib/dretinf.s                       0x00000000   Number         0  dretinf.o ABSOLUTE
    ../fplib/drleqf.s                        0x00000000   Number         0  drleqf.o ABSOLUTE
    ../fplib/f2d.s                           0x00000000   Number         0  f2d.o ABSOLUTE
    ../fplib/fnaninf.s                       0x00000000   Number         0  fnaninf.o ABSOLUTE
    ../fplib/fpinit.s                        0x00000000   Number         0  fpinit.o ABSOLUTE
    ../fplib/fretinf.s                       0x00000000   Number         0  fretinf.o ABSOLUTE
    ../fplib/usenofp.s                       0x00000000   Number         0  usenofp.o ABSOLUTE
    ..\CORE\startup_stm32f40_41xxx.s         0x00000000   Number         0  startup_stm32f40_41xxx.o ABSOLUTE
    ..\FWLIB\src\misc.c                      0x00000000   Number         0  misc.o ABSOLUTE
    ..\FWLIB\src\stm32f4xx_adc.c             0x00000000   Number         0  stm32f4xx_adc.o ABSOLUTE
    ..\FWLIB\src\stm32f4xx_exti.c            0x00000000   Number         0  stm32f4xx_exti.o ABSOLUTE
    ..\FWLIB\src\stm32f4xx_fsmc.c            0x00000000   Number         0  stm32f4xx_fsmc.o ABSOLUTE
    ..\FWLIB\src\stm32f4xx_gpio.c            0x00000000   Number         0  stm32f4xx_gpio.o ABSOLUTE
    ..\FWLIB\src\stm32f4xx_rcc.c             0x00000000   Number         0  stm32f4xx_rcc.o ABSOLUTE
    ..\FWLIB\src\stm32f4xx_syscfg.c          0x00000000   Number         0  stm32f4xx_syscfg.o ABSOLUTE
    ..\FWLIB\src\stm32f4xx_usart.c           0x00000000   Number         0  stm32f4xx_usart.o ABSOLUTE
    ..\HARDWARE\ADC\adc.c                    0x00000000   Number         0  adc.o ABSOLUTE
    ..\HARDWARE\EXTI\exti.c                  0x00000000   Number         0  exti.o ABSOLUTE
    ..\HARDWARE\KEY\key.c                    0x00000000   Number         0  key.o ABSOLUTE
    ..\HARDWARE\LCD\lcd.c                    0x00000000   Number         0  lcd.o ABSOLUTE
    ..\HARDWARE\LED\led.c                    0x00000000   Number         0  led.o ABSOLUTE
    ..\SYSTEM\delay\delay.c                  0x00000000   Number         0  delay.o ABSOLUTE
    ..\SYSTEM\sys\sys.c                      0x00000000   Number         0  sys.o ABSOLUTE
    ..\SYSTEM\usart\usart.c                  0x00000000   Number         0  usart.o ABSOLUTE
    ..\\FWLIB\\src\\misc.c                   0x00000000   Number         0  misc.o ABSOLUTE
    ..\\FWLIB\\src\\stm32f4xx_adc.c          0x00000000   Number         0  stm32f4xx_adc.o ABSOLUTE
    ..\\FWLIB\\src\\stm32f4xx_exti.c         0x00000000   Number         0  stm32f4xx_exti.o ABSOLUTE
    ..\\FWLIB\\src\\stm32f4xx_fsmc.c         0x00000000   Number         0  stm32f4xx_fsmc.o ABSOLUTE
    ..\\FWLIB\\src\\stm32f4xx_gpio.c         0x00000000   Number         0  stm32f4xx_gpio.o ABSOLUTE
    ..\\FWLIB\\src\\stm32f4xx_rcc.c          0x00000000   Number         0  stm32f4xx_rcc.o ABSOLUTE
    ..\\FWLIB\\src\\stm32f4xx_syscfg.c       0x00000000   Number         0  stm32f4xx_syscfg.o ABSOLUTE
    ..\\FWLIB\\src\\stm32f4xx_usart.c        0x00000000   Number         0  stm32f4xx_usart.o ABSOLUTE
    ..\\HARDWARE\\ADC\\adc.c                 0x00000000   Number         0  adc.o ABSOLUTE
    ..\\HARDWARE\\EXTI\\exti.c               0x00000000   Number         0  exti.o ABSOLUTE
    ..\\HARDWARE\\KEY\\key.c                 0x00000000   Number         0  key.o ABSOLUTE
    ..\\HARDWARE\\LCD\\lcd.c                 0x00000000   Number         0  lcd.o ABSOLUTE
    ..\\HARDWARE\\LED\\led.c                 0x00000000   Number         0  led.o ABSOLUTE
    ..\\SYSTEM\\delay\\delay.c               0x00000000   Number         0  delay.o ABSOLUTE
    ..\\SYSTEM\\sys\\sys.c                   0x00000000   Number         0  sys.o ABSOLUTE
    ..\\SYSTEM\\usart\\usart.c               0x00000000   Number         0  usart.o ABSOLUTE
    dc.s                                     0x00000000   Number         0  dc.o ABSOLUTE
    main.c                                   0x00000000   Number         0  main.o ABSOLUTE
    main.c                                   0x00000000   Number         0  main.o ABSOLUTE
    stm32f4xx_it.c                           0x00000000   Number         0  stm32f4xx_it.o ABSOLUTE
    stm32f4xx_it.c                           0x00000000   Number         0  stm32f4xx_it.o ABSOLUTE
    system_stm32f4xx.c                       0x00000000   Number         0  system_stm32f4xx.o ABSOLUTE
    system_stm32f4xx.c                       0x00000000   Number         0  system_stm32f4xx.o ABSOLUTE
    RESET                                    0x08000000   Section      392  startup_stm32f40_41xxx.o(RESET)
    !!!main                                  0x08000188   Section        8  __main.o(!!!main)
    !!!scatter                               0x08000190   Section       52  __scatter.o(!!!scatter)
    !!dczerorl2                              0x080001c4   Section       90  __dczerorl2.o(!!dczerorl2)
    !!handler_zi                             0x08000220   Section       28  __scatter_zi.o(!!handler_zi)
    .ARM.Collect$$_printf_percent$$00000000  0x0800023c   Section        0  _printf_percent.o(.ARM.Collect$$_printf_percent$$00000000)
    .ARM.Collect$$_printf_percent$$0000000C  0x0800023c   Section        6  _printf_x.o(.ARM.Collect$$_printf_percent$$0000000C)
    .ARM.Collect$$_printf_percent$$00000017  0x08000242   Section        4  _printf_percent_end.o(.ARM.Collect$$_printf_percent$$00000017)
    .ARM.Collect$$libinit$$00000000          0x08000246   Section        2  libinit.o(.ARM.Collect$$libinit$$00000000)
    .ARM.Collect$$libinit$$00000001          0x08000248   Section        4  libinit2.o(.ARM.Collect$$libinit$$00000001)
    .ARM.Collect$$libinit$$00000004          0x0800024c   Section        0  libinit2.o(.ARM.Collect$$libinit$$00000004)
    .ARM.Collect$$libinit$$0000000A          0x0800024c   Section        0  libinit2.o(.ARM.Collect$$libinit$$0000000A)
    .ARM.Collect$$libinit$$0000000C          0x0800024c   Section        0  libinit2.o(.ARM.Collect$$libinit$$0000000C)
    .ARM.Collect$$libinit$$0000000E          0x0800024c   Section        0  libinit2.o(.ARM.Collect$$libinit$$0000000E)
    .ARM.Collect$$libinit$$00000011          0x0800024c   Section        0  libinit2.o(.ARM.Collect$$libinit$$00000011)
    .ARM.Collect$$libinit$$00000013          0x0800024c   Section        0  libinit2.o(.ARM.Collect$$libinit$$00000013)
    .ARM.Collect$$libinit$$00000015          0x0800024c   Section        0  libinit2.o(.ARM.Collect$$libinit$$00000015)
    .ARM.Collect$$libinit$$00000017          0x0800024c   Section        0  libinit2.o(.ARM.Collect$$libinit$$00000017)
    .ARM.Collect$$libinit$$00000019          0x0800024c   Section        0  libinit2.o(.ARM.Collect$$libinit$$00000019)
    .ARM.Collect$$libinit$$0000001B          0x0800024c   Section        0  libinit2.o(.ARM.Collect$$libinit$$0000001B)
    .ARM.Collect$$libinit$$0000001D          0x0800024c   Section        0  libinit2.o(.ARM.Collect$$libinit$$0000001D)
    .ARM.Collect$$libinit$$0000001F          0x0800024c   Section        0  libinit2.o(.ARM.Collect$$libinit$$0000001F)
    .ARM.Collect$$libinit$$00000021          0x0800024c   Section        0  libinit2.o(.ARM.Collect$$libinit$$00000021)
    .ARM.Collect$$libinit$$00000023          0x0800024c   Section        0  libinit2.o(.ARM.Collect$$libinit$$00000023)
    .ARM.Collect$$libinit$$00000025          0x0800024c   Section        0  libinit2.o(.ARM.Collect$$libinit$$00000025)
    .ARM.Collect$$libinit$$0000002C          0x0800024c   Section        0  libinit2.o(.ARM.Collect$$libinit$$0000002C)
    .ARM.Collect$$libinit$$0000002E          0x0800024c   Section        0  libinit2.o(.ARM.Collect$$libinit$$0000002E)
    .ARM.Collect$$libinit$$00000030          0x0800024c   Section        0  libinit2.o(.ARM.Collect$$libinit$$00000030)
    .ARM.Collect$$libinit$$00000032          0x0800024c   Section        0  libinit2.o(.ARM.Collect$$libinit$$00000032)
    .ARM.Collect$$libinit$$00000033          0x0800024c   Section        2  libinit2.o(.ARM.Collect$$libinit$$00000033)
    .ARM.Collect$$libshutdown$$00000000      0x0800024e   Section        2  libshutdown.o(.ARM.Collect$$libshutdown$$00000000)
    .ARM.Collect$$libshutdown$$00000003      0x08000250   Section        0  libshutdown2.o(.ARM.Collect$$libshutdown$$00000003)
    .ARM.Collect$$libshutdown$$00000006      0x08000250   Section        0  libshutdown2.o(.ARM.Collect$$libshutdown$$00000006)
    .ARM.Collect$$libshutdown$$00000009      0x08000250   Section        0  libshutdown2.o(.ARM.Collect$$libshutdown$$00000009)
    .ARM.Collect$$libshutdown$$0000000B      0x08000250   Section        0  libshutdown2.o(.ARM.Collect$$libshutdown$$0000000B)
    .ARM.Collect$$libshutdown$$0000000E      0x08000250   Section        0  libshutdown2.o(.ARM.Collect$$libshutdown$$0000000E)
    .ARM.Collect$$libshutdown$$0000000F      0x08000250   Section        2  libshutdown2.o(.ARM.Collect$$libshutdown$$0000000F)
    .ARM.Collect$$rtentry$$00000000          0x08000252   Section        0  __rtentry.o(.ARM.Collect$$rtentry$$00000000)
    .ARM.Collect$$rtentry$$00000002          0x08000252   Section        0  __rtentry2.o(.ARM.Collect$$rtentry$$00000002)
    .ARM.Collect$$rtentry$$00000004          0x08000252   Section        6  __rtentry4.o(.ARM.Collect$$rtentry$$00000004)
    .ARM.Collect$$rtentry$$00000009          0x08000258   Section        0  __rtentry2.o(.ARM.Collect$$rtentry$$00000009)
    .ARM.Collect$$rtentry$$0000000A          0x08000258   Section        4  __rtentry2.o(.ARM.Collect$$rtentry$$0000000A)
    .ARM.Collect$$rtentry$$0000000C          0x0800025c   Section        0  __rtentry2.o(.ARM.Collect$$rtentry$$0000000C)
    .ARM.Collect$$rtentry$$0000000D          0x0800025c   Section        8  __rtentry2.o(.ARM.Collect$$rtentry$$0000000D)
    .ARM.Collect$$rtexit$$00000000           0x08000264   Section        2  rtexit.o(.ARM.Collect$$rtexit$$00000000)
    .ARM.Collect$$rtexit$$00000002           0x08000266   Section        0  rtexit2.o(.ARM.Collect$$rtexit$$00000002)
    .ARM.Collect$$rtexit$$00000003           0x08000266   Section        4  rtexit2.o(.ARM.Collect$$rtexit$$00000003)
    .ARM.Collect$$rtexit$$00000004           0x0800026a   Section        6  rtexit2.o(.ARM.Collect$$rtexit$$00000004)
    .text                                    0x08000270   Section        0  main.o(.text)
    .text                                    0x08001294   Section        0  stm32f4xx_it.o(.text)
    .text                                    0x080012b0   Section        0  system_stm32f4xx.o(.text)
    SetSysClock                              0x080012b1   Thumb Code   220  system_stm32f4xx.o(.text)
    .text                                    0x080014c0   Section        0  led.o(.text)
    .text                                    0x08001500   Section        0  lcd.o(.text)
    .text                                    0x080061f8   Section        0  adc.o(.text)
    .text                                    0x080062a8   Section        0  key.o(.text)
    .text                                    0x080063d0   Section        0  exti.o(.text)
    .text                                    0x080066ec   Section        0  delay.o(.text)
    .text                                    0x080067f0   Section        0  usart.o(.text)
    .text                                    0x0800693c   Section       64  startup_stm32f40_41xxx.o(.text)
    $v0                                      0x0800693c   Number         0  startup_stm32f40_41xxx.o(.text)
    .text                                    0x0800697c   Section        0  misc.o(.text)
    .text                                    0x08006a5c   Section        0  stm32f4xx_adc.o(.text)
    .text                                    0x08006ec0   Section        0  stm32f4xx_gpio.o(.text)
    .text                                    0x08007154   Section        0  stm32f4xx_fsmc.o(.text)
    .text                                    0x0800771c   Section        0  stm32f4xx_rcc.o(.text)
    .text                                    0x08007d78   Section        0  stm32f4xx_usart.o(.text)
    .text                                    0x080081cc   Section        0  stm32f4xx_syscfg.o(.text)
    .text                                    0x08008260   Section        0  stm32f4xx_exti.o(.text)
    .text                                    0x08008370   Section        2  use_no_semi_2.o(.text)
    .text                                    0x08008374   Section        0  noretval__2printf.o(.text)
    .text                                    0x0800838c   Section        0  __printf.o(.text)
    .text                                    0x080083f4   Section        0  _printf_hex_int.o(.text)
    .text                                    0x0800844c   Section        0  heapauxi.o(.text)
    .text                                    0x08008452   Section        2  use_no_semi.o(.text)
    .text                                    0x08008454   Section        0  _printf_intcommon.o(.text)
    .text                                    0x08008508   Section        0  _printf_char_file.o(.text)
    .text                                    0x0800852c   Section        0  _printf_char_common.o(.text)
    _printf_input_char                       0x0800852d   Thumb Code    10  _printf_char_common.o(.text)
    .text                                    0x0800855c   Section        0  ferror.o(.text)
    .text                                    0x08008564   Section       74  sys_stackheap_outer.o(.text)
    .text                                    0x080085ae   Section        0  exit.o(.text)
    .text                                    0x080085bc   Section        8  libspace.o(.text)
    x$fpl$d2f                                0x080085c4   Section       98  d2f.o(x$fpl$d2f)
    $v0                                      0x080085c4   Number         0  d2f.o(x$fpl$d2f)
    x$fpl$dadd                               0x08008628   Section      336  daddsub_clz.o(x$fpl$dadd)
    $v0                                      0x08008628   Number         0  daddsub_clz.o(x$fpl$dadd)
    _dadd1                                   0x08008639   Thumb Code     0  daddsub_clz.o(x$fpl$dadd)
    x$fpl$dcmpinf                            0x08008778   Section       24  dcmpi.o(x$fpl$dcmpinf)
    $v0                                      0x08008778   Number         0  dcmpi.o(x$fpl$dcmpinf)
    x$fpl$ddiv                               0x08008790   Section      688  ddiv.o(x$fpl$ddiv)
    $v0                                      0x08008790   Number         0  ddiv.o(x$fpl$ddiv)
    ddiv_entry                               0x08008797   Thumb Code     0  ddiv.o(x$fpl$ddiv)
    x$fpl$dfix                               0x08008a40   Section       94  dfix.o(x$fpl$dfix)
    $v0                                      0x08008a40   Number         0  dfix.o(x$fpl$dfix)
    x$fpl$dfixu                              0x08008aa0   Section       90  dfixu.o(x$fpl$dfixu)
    $v0                                      0x08008aa0   Number         0  dfixu.o(x$fpl$dfixu)
    x$fpl$dflt                               0x08008afa   Section       46  dflt_clz.o(x$fpl$dflt)
    $v0                                      0x08008afa   Number         0  dflt_clz.o(x$fpl$dflt)
    x$fpl$dfltu                              0x08008b28   Section       38  dflt_clz.o(x$fpl$dfltu)
    $v0                                      0x08008b28   Number         0  dflt_clz.o(x$fpl$dfltu)
    x$fpl$dleqf                              0x08008b50   Section      120  dleqf.o(x$fpl$dleqf)
    $v0                                      0x08008b50   Number         0  dleqf.o(x$fpl$dleqf)
    x$fpl$dmul                               0x08008bc8   Section      340  dmul.o(x$fpl$dmul)
    $v0                                      0x08008bc8   Number         0  dmul.o(x$fpl$dmul)
    x$fpl$dnaninf                            0x08008d1c   Section      156  dnaninf.o(x$fpl$dnaninf)
    $v0                                      0x08008d1c   Number         0  dnaninf.o(x$fpl$dnaninf)
    x$fpl$dretinf                            0x08008db8   Section       12  dretinf.o(x$fpl$dretinf)
    $v0                                      0x08008db8   Number         0  dretinf.o(x$fpl$dretinf)
    x$fpl$drleqf                             0x08008dc4   Section      108  drleqf.o(x$fpl$drleqf)
    $v0                                      0x08008dc4   Number         0  drleqf.o(x$fpl$drleqf)
    x$fpl$dsub                               0x08008e30   Section      468  daddsub_clz.o(x$fpl$dsub)
    $v0                                      0x08008e30   Number         0  daddsub_clz.o(x$fpl$dsub)
    _dsub1                                   0x08008e41   Thumb Code     0  daddsub_clz.o(x$fpl$dsub)
    x$fpl$f2d                                0x08009004   Section       86  f2d.o(x$fpl$f2d)
    $v0                                      0x08009004   Number         0  f2d.o(x$fpl$f2d)
    x$fpl$fnaninf                            0x0800905a   Section      140  fnaninf.o(x$fpl$fnaninf)
    $v0                                      0x0800905a   Number         0  fnaninf.o(x$fpl$fnaninf)
    x$fpl$fpinit                             0x080090e6   Section       10  fpinit.o(x$fpl$fpinit)
    $v0                                      0x080090e6   Number         0  fpinit.o(x$fpl$fpinit)
    x$fpl$fretinf                            0x080090f0   Section       10  fretinf.o(x$fpl$fretinf)
    $v0                                      0x080090f0   Number         0  fretinf.o(x$fpl$fretinf)
    .constdata                               0x080090fa   Section     6080  lcd.o(.constdata)
    x$fpl$usenofp                            0x080090fa   Section        0  usenofp.o(x$fpl$usenofp)
    .constdata                               0x0800a8bc   Section       28  stm32f4xx_fsmc.o(.constdata)
    .constdata                               0x0800a8d8   Section       40  _printf_hex_int.o(.constdata)
    uc_hextab                                0x0800a8d8   Data          20  _printf_hex_int.o(.constdata)
    lc_hextab                                0x0800a8ec   Data          20  _printf_hex_int.o(.constdata)
    .data                                    0x20000000   Section      506  main.o(.data)
    .data                                    0x200001fc   Section       20  system_stm32f4xx.o(.data)
    .data                                    0x20000210   Section        4  lcd.o(.data)
    .data                                    0x20000214   Section        1  key.o(.data)
    key_up                                   0x20000214   Data           1  key.o(.data)
    .data                                    0x20000218   Section        8  exti.o(.data)
    c                                        0x2000021c   Data           4  exti.o(.data)
    .data                                    0x20000220   Section        4  delay.o(.data)
    fac_us                                   0x20000220   Data           1  delay.o(.data)
    fac_ms                                   0x20000222   Data           2  delay.o(.data)
    .data                                    0x20000224   Section        6  usart.o(.data)
    .data                                    0x2000022a   Section       16  stm32f4xx_rcc.o(.data)
    APBAHBPrescTable                         0x2000022a   Data          16  stm32f4xx_rcc.o(.data)
    .bss                                     0x20000240   Section     7270  main.o(.bss)
    .bss                                     0x20001ea6   Section       14  lcd.o(.bss)
    .bss                                     0x20001eb4   Section      200  usart.o(.bss)
    .bss                                     0x20001f7c   Section       96  libspace.o(.bss)
    HEAP                                     0x20001fe0   Section      512  startup_stm32f40_41xxx.o(HEAP)
    Heap_Mem                                 0x20001fe0   Data         512  startup_stm32f40_41xxx.o(HEAP)
    STACK                                    0x200021e0   Section     1024  startup_stm32f40_41xxx.o(STACK)
    Stack_Mem                                0x200021e0   Data        1024  startup_stm32f40_41xxx.o(STACK)
    __initial_sp                             0x200025e0   Data           0  startup_stm32f40_41xxx.o(STACK)

    Global Symbols

    Symbol Name                              Value     Ov Type        Size  Object(Section)

    BuildAttributes$$THM_ISAv4$E$P$D$K$B$S$7EM$VFPi3$EXTD16$VFPS$VFMA$PE$A:L22UL41UL21$X:L11$S22US41US21$IEEE1$IW$USESV6$~STKCKD$USESV7$~SHL$OSPACE$ROPI$EBA8$UX$STANDARDLIB$REQ8$PRES8$EABIv2 0x00000000   Number         0  anon$$obj.o ABSOLUTE
    __ARM_use_no_argv                        0x00000000   Number         0  main.o ABSOLUTE
    __ARM_exceptions_init                     - Undefined Weak Reference
    __alloca_initialize                       - Undefined Weak Reference
    __arm_preinit_                            - Undefined Weak Reference
    __cpp_initialize__aeabi_                  - Undefined Weak Reference
    __cxa_finalize                            - Undefined Weak Reference
    __rt_locale                               - Undefined Weak Reference
    __sigvec_lookup                           - Undefined Weak Reference
    _atexit_init                              - Undefined Weak Reference
    _call_atexit_fns                          - Undefined Weak Reference
    _clock_init                               - Undefined Weak Reference
    _fp_trap_init                             - Undefined Weak Reference
    _fp_trap_shutdown                         - Undefined Weak Reference
    _get_lc_collate                           - Undefined Weak Reference
    _get_lc_ctype                             - Undefined Weak Reference
    _get_lc_monetary                          - Undefined Weak Reference
    _get_lc_numeric                           - Undefined Weak Reference
    _get_lc_time                              - Undefined Weak Reference
    _getenv_init                              - Undefined Weak Reference
    _handle_redirection                       - Undefined Weak Reference
    _init_alloc                               - Undefined Weak Reference
    _init_user_alloc                          - Undefined Weak Reference
    _initio                                   - Undefined Weak Reference
    _mutex_acquire                            - Undefined Weak Reference
    _mutex_release                            - Undefined Weak Reference
    _printf_post_padding                      - Undefined Weak Reference
    _printf_pre_padding                       - Undefined Weak Reference
    _printf_truncate_unsigned                 - Undefined Weak Reference
    _rand_init                                - Undefined Weak Reference
    _signal_finish                            - Undefined Weak Reference
    _signal_init                              - Undefined Weak Reference
    _terminate_alloc                          - Undefined Weak Reference
    _terminate_user_alloc                     - Undefined Weak Reference
    _terminateio                              - Undefined Weak Reference
    __Vectors_Size                           0x00000188   Number         0  startup_stm32f40_41xxx.o ABSOLUTE
    __Vectors                                0x08000000   Data           4  startup_stm32f40_41xxx.o(RESET)
    __Vectors_End                            0x08000188   Data           0  startup_stm32f40_41xxx.o(RESET)
    __main                                   0x08000189   Thumb Code     8  __main.o(!!!main)
    __scatterload                            0x08000191   Thumb Code     0  __scatter.o(!!!scatter)
    __scatterload_rt2                        0x08000191   Thumb Code    44  __scatter.o(!!!scatter)
    __scatterload_rt2_thumb_only             0x08000191   Thumb Code     0  __scatter.o(!!!scatter)
    __scatterload_null                       0x0800019f   Thumb Code     0  __scatter.o(!!!scatter)
    __decompress                             0x080001c5   Thumb Code    90  __dczerorl2.o(!!dczerorl2)
    __decompress1                            0x080001c5   Thumb Code     0  __dczerorl2.o(!!dczerorl2)
    __scatterload_zeroinit                   0x08000221   Thumb Code    28  __scatter_zi.o(!!handler_zi)
    _printf_percent                          0x0800023d   Thumb Code     0  _printf_percent.o(.ARM.Collect$$_printf_percent$$00000000)
    _printf_x                                0x0800023d   Thumb Code     0  _printf_x.o(.ARM.Collect$$_printf_percent$$0000000C)
    _printf_percent_end                      0x08000243   Thumb Code     0  _printf_percent_end.o(.ARM.Collect$$_printf_percent$$00000017)
    __rt_lib_init                            0x08000247   Thumb Code     0  libinit.o(.ARM.Collect$$libinit$$00000000)
    __rt_lib_init_fp_1                       0x08000249   Thumb Code     0  libinit2.o(.ARM.Collect$$libinit$$00000001)
    __rt_lib_init_alloca_1                   0x0800024d   Thumb Code     0  libinit2.o(.ARM.Collect$$libinit$$0000002E)
    __rt_lib_init_argv_1                     0x0800024d   Thumb Code     0  libinit2.o(.ARM.Collect$$libinit$$0000002C)
    __rt_lib_init_atexit_1                   0x0800024d   Thumb Code     0  libinit2.o(.ARM.Collect$$libinit$$0000001B)
    __rt_lib_init_clock_1                    0x0800024d   Thumb Code     0  libinit2.o(.ARM.Collect$$libinit$$00000021)
    __rt_lib_init_cpp_1                      0x0800024d   Thumb Code     0  libinit2.o(.ARM.Collect$$libinit$$00000032)
    __rt_lib_init_exceptions_1               0x0800024d   Thumb Code     0  libinit2.o(.ARM.Collect$$libinit$$00000030)
    __rt_lib_init_fp_trap_1                  0x0800024d   Thumb Code     0  libinit2.o(.ARM.Collect$$libinit$$0000001F)
    __rt_lib_init_getenv_1                   0x0800024d   Thumb Code     0  libinit2.o(.ARM.Collect$$libinit$$00000023)
    __rt_lib_init_heap_1                     0x0800024d   Thumb Code     0  libinit2.o(.ARM.Collect$$libinit$$0000000A)
    __rt_lib_init_lc_collate_1               0x0800024d   Thumb Code     0  libinit2.o(.ARM.Collect$$libinit$$00000011)
    __rt_lib_init_lc_ctype_1                 0x0800024d   Thumb Code     0  libinit2.o(.ARM.Collect$$libinit$$00000013)
    __rt_lib_init_lc_monetary_1              0x0800024d   Thumb Code     0  libinit2.o(.ARM.Collect$$libinit$$00000015)
    __rt_lib_init_lc_numeric_1               0x0800024d   Thumb Code     0  libinit2.o(.ARM.Collect$$libinit$$00000017)
    __rt_lib_init_lc_time_1                  0x0800024d   Thumb Code     0  libinit2.o(.ARM.Collect$$libinit$$00000019)
    __rt_lib_init_preinit_1                  0x0800024d   Thumb Code     0  libinit2.o(.ARM.Collect$$libinit$$00000004)
    __rt_lib_init_rand_1                     0x0800024d   Thumb Code     0  libinit2.o(.ARM.Collect$$libinit$$0000000E)
    __rt_lib_init_return                     0x0800024d   Thumb Code     0  libinit2.o(.ARM.Collect$$libinit$$00000033)
    __rt_lib_init_signal_1                   0x0800024d   Thumb Code     0  libinit2.o(.ARM.Collect$$libinit$$0000001D)
    __rt_lib_init_stdio_1                    0x0800024d   Thumb Code     0  libinit2.o(.ARM.Collect$$libinit$$00000025)
    __rt_lib_init_user_alloc_1               0x0800024d   Thumb Code     0  libinit2.o(.ARM.Collect$$libinit$$0000000C)
    __rt_lib_shutdown                        0x0800024f   Thumb Code     0  libshutdown.o(.ARM.Collect$$libshutdown$$00000000)
    __rt_lib_shutdown_fp_trap_1              0x08000251   Thumb Code     0  libshutdown2.o(.ARM.Collect$$libshutdown$$00000006)
    __rt_lib_shutdown_heap_1                 0x08000251   Thumb Code     0  libshutdown2.o(.ARM.Collect$$libshutdown$$0000000E)
    __rt_lib_shutdown_return                 0x08000251   Thumb Code     0  libshutdown2.o(.ARM.Collect$$libshutdown$$0000000F)
    __rt_lib_shutdown_signal_1               0x08000251   Thumb Code     0  libshutdown2.o(.ARM.Collect$$libshutdown$$00000009)
    __rt_lib_shutdown_stdio_1                0x08000251   Thumb Code     0  libshutdown2.o(.ARM.Collect$$libshutdown$$00000003)
    __rt_lib_shutdown_user_alloc_1           0x08000251   Thumb Code     0  libshutdown2.o(.ARM.Collect$$libshutdown$$0000000B)
    __rt_entry                               0x08000253   Thumb Code     0  __rtentry.o(.ARM.Collect$$rtentry$$00000000)
    __rt_entry_presh_1                       0x08000253   Thumb Code     0  __rtentry2.o(.ARM.Collect$$rtentry$$00000002)
    __rt_entry_sh                            0x08000253   Thumb Code     0  __rtentry4.o(.ARM.Collect$$rtentry$$00000004)
    __rt_entry_li                            0x08000259   Thumb Code     0  __rtentry2.o(.ARM.Collect$$rtentry$$0000000A)
    __rt_entry_postsh_1                      0x08000259   Thumb Code     0  __rtentry2.o(.ARM.Collect$$rtentry$$00000009)
    __rt_entry_main                          0x0800025d   Thumb Code     0  __rtentry2.o(.ARM.Collect$$rtentry$$0000000D)
    __rt_entry_postli_1                      0x0800025d   Thumb Code     0  __rtentry2.o(.ARM.Collect$$rtentry$$0000000C)
    __rt_exit                                0x08000265   Thumb Code     0  rtexit.o(.ARM.Collect$$rtexit$$00000000)
    __rt_exit_ls                             0x08000267   Thumb Code     0  rtexit2.o(.ARM.Collect$$rtexit$$00000003)
    __rt_exit_prels_1                        0x08000267   Thumb Code     0  rtexit2.o(.ARM.Collect$$rtexit$$00000002)
    __rt_exit_exit                           0x0800026b   Thumb Code     0  rtexit2.o(.ARM.Collect$$rtexit$$00000004)
    change                                   0x08000271   Thumb Code    74  main.o(.text)
    ReadNowLigth                             0x080002bb   Thumb Code   238  main.o(.text)
    ReadADCE                                 0x080003a9   Thumb Code   676  main.o(.text)
    ReadAllLigth                             0x0800064d   Thumb Code   734  main.o(.text)
    ADC_to_one                               0x0800092b   Thumb Code   248  main.o(.text)
    SeachTree                                0x08000a23   Thumb Code   182  main.o(.text)
    SeachLength                              0x08000ad9   Thumb Code   102  main.o(.text)
    CountCoor                                0x08000b3f   Thumb Code   112  main.o(.text)
    main                                     0x08000baf   Thumb Code  1590  main.o(.text)
    NMI_Handler                              0x08001295   Thumb Code     2  stm32f4xx_it.o(.text)
    HardFault_Handler                        0x08001297   Thumb Code     4  stm32f4xx_it.o(.text)
    MemManage_Handler                        0x0800129b   Thumb Code     4  stm32f4xx_it.o(.text)
    BusFault_Handler                         0x0800129f   Thumb Code     4  stm32f4xx_it.o(.text)
    UsageFault_Handler                       0x080012a3   Thumb Code     4  stm32f4xx_it.o(.text)
    SVC_Handler                              0x080012a7   Thumb Code     2  stm32f4xx_it.o(.text)
    DebugMon_Handler                         0x080012a9   Thumb Code     2  stm32f4xx_it.o(.text)
    PendSV_Handler                           0x080012ab   Thumb Code     2  stm32f4xx_it.o(.text)
    SysTick_Handler                          0x080012ad   Thumb Code     2  stm32f4xx_it.o(.text)
    SystemInit                               0x0800138d   Thumb Code    88  system_stm32f4xx.o(.text)
    SystemCoreClockUpdate                    0x080013e5   Thumb Code   174  system_stm32f4xx.o(.text)
    LED_Init                                 0x080014c1   Thumb Code    60  led.o(.text)
    LCD_WR_REG                               0x08001501   Thumb Code    18  lcd.o(.text)
    LCD_WR_DATA                              0x08001513   Thumb Code    20  lcd.o(.text)
    LCD_RD_DATA                              0x08001527   Thumb Code    16  lcd.o(.text)
    LCD_WriteReg                             0x08001537   Thumb Code    14  lcd.o(.text)
    LCD_ReadReg                              0x08001545   Thumb Code    22  lcd.o(.text)
    LCD_WriteRAM_Prepare                     0x0800155b   Thumb Code    10  lcd.o(.text)
    LCD_WriteRAM                             0x08001565   Thumb Code     8  lcd.o(.text)
    LCD_BGR2RGB                              0x0800156d   Thumb Code    26  lcd.o(.text)
    opt_delay                                0x08001587   Thumb Code    14  lcd.o(.text)
    LCD_SetCursor                            0x08001595   Thumb Code   418  lcd.o(.text)
    LCD_ReadPoint                            0x08001737   Thumb Code   360  lcd.o(.text)
    LCD_DisplayOn                            0x0800189f   Thumb Code   102  lcd.o(.text)
    LCD_DisplayOff                           0x08001905   Thumb Code    90  lcd.o(.text)
    LCD_Scan_Dir                             0x0800195f   Thumb Code   744  lcd.o(.text)
    LCD_DrawPoint                            0x08001c47   Thumb Code    28  lcd.o(.text)
    LCD_Fast_DrawPoint                       0x08001c63   Thumb Code   388  lcd.o(.text)
    LCD_SSD_BackLightSet                     0x08001de7   Thumb Code    88  lcd.o(.text)
    LCD_Display_Dir                          0x08001e3f   Thumb Code   444  lcd.o(.text)
    LCD_Set_Window                           0x08001ffb   Thumb Code   546  lcd.o(.text)
    LCD_Clear                                0x0800221d   Thumb Code   100  lcd.o(.text)
    LCD_Init                                 0x08002281   Thumb Code 14696  lcd.o(.text)
    LCD_Fill                                 0x08005be9   Thumb Code   180  lcd.o(.text)
    LCD_Color_Fill                           0x08005c9d   Thumb Code   100  lcd.o(.text)
    LCD_DrawLine                             0x08005d01   Thumb Code   176  lcd.o(.text)
    LCD_DrawRectangle                        0x08005db1   Thumb Code    60  lcd.o(.text)
    LCD_Draw_Circle                          0x08005ded   Thumb Code   152  lcd.o(.text)
    LCD_ShowChar                             0x08005e85   Thumb Code   272  lcd.o(.text)
    LCD_Pow                                  0x08005f95   Thumb Code    22  lcd.o(.text)
    LCD_ShowNum                              0x08005fab   Thumb Code   148  lcd.o(.text)
    LCD_ShowxNum                             0x0800603f   Thumb Code   220  lcd.o(.text)
    LCD_ShowString                           0x0800611b   Thumb Code   102  lcd.o(.text)
    lcd_show_float                           0x08006181   Thumb Code   118  lcd.o(.text)
    Adc_Init                                 0x080061f9   Thumb Code   124  adc.o(.text)
    Get_Adc                                  0x08006275   Thumb Code    44  adc.o(.text)
    KEY_Init                                 0x080062a9   Thumb Code    90  key.o(.text)
    KEY_Scan                                 0x08006303   Thumb Code   188  key.o(.text)
    EXTI0_IRQHandler                         0x080063d1   Thumb Code   100  exti.o(.text)
    EXTI2_IRQHandler                         0x08006435   Thumb Code    58  exti.o(.text)
    EXTI3_IRQHandler                         0x0800646f   Thumb Code   158  exti.o(.text)
    EXTI4_IRQHandler                         0x0800650d   Thumb Code    62  exti.o(.text)
    EXTI9_5_IRQHandler                       0x0800654b   Thumb Code    42  exti.o(.text)
    EXTIX_Init                               0x08006575   Thumb Code   260  exti.o(.text)
    delay_init                               0x080066ed   Thumb Code    52  delay.o(.text)
    delay_us                                 0x08006721   Thumb Code    72  delay.o(.text)
    delay_xms                                0x08006769   Thumb Code    72  delay.o(.text)
    delay_ms                                 0x080067b1   Thumb Code    56  delay.o(.text)
    _sys_exit                                0x080067f1   Thumb Code     6  usart.o(.text)
    fputc                                    0x080067f7   Thumb Code    22  usart.o(.text)
    uart_init                                0x0800680d   Thumb Code   164  usart.o(.text)
    USART1_IRQHandler                        0x080068b1   Thumb Code   122  usart.o(.text)
    Reset_Handler                            0x0800693d   Thumb Code     8  startup_stm32f40_41xxx.o(.text)
    ADC_IRQHandler                           0x08006957   Thumb Code     0  startup_stm32f40_41xxx.o(.text)
    CAN1_RX0_IRQHandler                      0x08006957   Thumb Code     0  startup_stm32f40_41xxx.o(.text)
    CAN1_RX1_IRQHandler                      0x08006957   Thumb Code     0  startup_stm32f40_41xxx.o(.text)
    CAN1_SCE_IRQHandler                      0x08006957   Thumb Code     0  startup_stm32f40_41xxx.o(.text)
    CAN1_TX_IRQHandler                       0x08006957   Thumb Code     0  startup_stm32f40_41xxx.o(.text)
    CAN2_RX0_IRQHandler                      0x08006957   Thumb Code     0  startup_stm32f40_41xxx.o(.text)
    CAN2_RX1_IRQHandler                      0x08006957   Thumb Code     0  startup_stm32f40_41xxx.o(.text)
    CAN2_SCE_IRQHandler                      0x08006957   Thumb Code     0  startup_stm32f40_41xxx.o(.text)
    CAN2_TX_IRQHandler                       0x08006957   Thumb Code     0  startup_stm32f40_41xxx.o(.text)
    CRYP_IRQHandler                          0x08006957   Thumb Code     0  startup_stm32f40_41xxx.o(.text)
    DCMI_IRQHandler                          0x08006957   Thumb Code     0  startup_stm32f40_41xxx.o(.text)
    DMA1_Stream0_IRQHandler                  0x08006957   Thumb Code     0  startup_stm32f40_41xxx.o(.text)
    DMA1_Stream1_IRQHandler                  0x08006957   Thumb Code     0  startup_stm32f40_41xxx.o(.text)
    DMA1_Stream2_IRQHandler                  0x08006957   Thumb Code     0  startup_stm32f40_41xxx.o(.text)
    DMA1_Stream3_IRQHandler                  0x08006957   Thumb Code     0  startup_stm32f40_41xxx.o(.text)
    DMA1_Stream4_IRQHandler                  0x08006957   Thumb Code     0  startup_stm32f40_41xxx.o(.text)
    DMA1_Stream5_IRQHandler                  0x08006957   Thumb Code     0  startup_stm32f40_41xxx.o(.text)
    DMA1_Stream6_IRQHandler                  0x08006957   Thumb Code     0  startup_stm32f40_41xxx.o(.text)
    DMA1_Stream7_IRQHandler                  0x08006957   Thumb Code     0  startup_stm32f40_41xxx.o(.text)
    DMA2_Stream0_IRQHandler                  0x08006957   Thumb Code     0  startup_stm32f40_41xxx.o(.text)
    DMA2_Stream1_IRQHandler                  0x08006957   Thumb Code     0  startup_stm32f40_41xxx.o(.text)
    DMA2_Stream2_IRQHandler                  0x08006957   Thumb Code     0  startup_stm32f40_41xxx.o(.text)
    DMA2_Stream3_IRQHandler                  0x08006957   Thumb Code     0  startup_stm32f40_41xxx.o(.text)
    DMA2_Stream4_IRQHandler                  0x08006957   Thumb Code     0  startup_stm32f40_41xxx.o(.text)
    DMA2_Stream5_IRQHandler                  0x08006957   Thumb Code     0  startup_stm32f40_41xxx.o(.text)
    DMA2_Stream6_IRQHandler                  0x08006957   Thumb Code     0  startup_stm32f40_41xxx.o(.text)
    DMA2_Stream7_IRQHandler                  0x08006957   Thumb Code     0  startup_stm32f40_41xxx.o(.text)
    ETH_IRQHandler                           0x08006957   Thumb Code     0  startup_stm32f40_41xxx.o(.text)
    ETH_WKUP_IRQHandler                      0x08006957   Thumb Code     0  startup_stm32f40_41xxx.o(.text)
    EXTI15_10_IRQHandler                     0x08006957   Thumb Code     0  startup_stm32f40_41xxx.o(.text)
    EXTI1_IRQHandler                         0x08006957   Thumb Code     0  startup_stm32f40_41xxx.o(.text)
    FLASH_IRQHandler                         0x08006957   Thumb Code     0  startup_stm32f40_41xxx.o(.text)
    FPU_IRQHandler                           0x08006957   Thumb Code     0  startup_stm32f40_41xxx.o(.text)
    FSMC_IRQHandler                          0x08006957   Thumb Code     0  startup_stm32f40_41xxx.o(.text)
    HASH_RNG_IRQHandler                      0x08006957   Thumb Code     0  startup_stm32f40_41xxx.o(.text)
    I2C1_ER_IRQHandler                       0x08006957   Thumb Code     0  startup_stm32f40_41xxx.o(.text)
    I2C1_EV_IRQHandler                       0x08006957   Thumb Code     0  startup_stm32f40_41xxx.o(.text)
    I2C2_ER_IRQHandler                       0x08006957   Thumb Code     0  startup_stm32f40_41xxx.o(.text)
    I2C2_EV_IRQHandler                       0x08006957   Thumb Code     0  startup_stm32f40_41xxx.o(.text)
    I2C3_ER_IRQHandler                       0x08006957   Thumb Code     0  startup_stm32f40_41xxx.o(.text)
    I2C3_EV_IRQHandler                       0x08006957   Thumb Code     0  startup_stm32f40_41xxx.o(.text)
    OTG_FS_IRQHandler                        0x08006957   Thumb Code     0  startup_stm32f40_41xxx.o(.text)
    OTG_FS_WKUP_IRQHandler                   0x08006957   Thumb Code     0  startup_stm32f40_41xxx.o(.text)
    OTG_HS_EP1_IN_IRQHandler                 0x08006957   Thumb Code     0  startup_stm32f40_41xxx.o(.text)
    OTG_HS_EP1_OUT_IRQHandler                0x08006957   Thumb Code     0  startup_stm32f40_41xxx.o(.text)
    OTG_HS_IRQHandler                        0x08006957   Thumb Code     0  startup_stm32f40_41xxx.o(.text)
    OTG_HS_WKUP_IRQHandler                   0x08006957   Thumb Code     0  startup_stm32f40_41xxx.o(.text)
    PVD_IRQHandler                           0x08006957   Thumb Code     0  startup_stm32f40_41xxx.o(.text)
    RCC_IRQHandler                           0x08006957   Thumb Code     0  startup_stm32f40_41xxx.o(.text)
    RTC_Alarm_IRQHandler                     0x08006957   Thumb Code     0  startup_stm32f40_41xxx.o(.text)
    RTC_WKUP_IRQHandler                      0x08006957   Thumb Code     0  startup_stm32f40_41xxx.o(.text)
    SDIO_IRQHandler                          0x08006957   Thumb Code     0  startup_stm32f40_41xxx.o(.text)
    SPI1_IRQHandler                          0x08006957   Thumb Code     0  startup_stm32f40_41xxx.o(.text)
    SPI2_IRQHandler                          0x08006957   Thumb Code     0  startup_stm32f40_41xxx.o(.text)
    SPI3_IRQHandler                          0x08006957   Thumb Code     0  startup_stm32f40_41xxx.o(.text)
    TAMP_STAMP_IRQHandler                    0x08006957   Thumb Code     0  startup_stm32f40_41xxx.o(.text)
    TIM1_BRK_TIM9_IRQHandler                 0x08006957   Thumb Code     0  startup_stm32f40_41xxx.o(.text)
    TIM1_CC_IRQHandler                       0x08006957   Thumb Code     0  startup_stm32f40_41xxx.o(.text)
    TIM1_TRG_COM_TIM11_IRQHandler            0x08006957   Thumb Code     0  startup_stm32f40_41xxx.o(.text)
    TIM1_UP_TIM10_IRQHandler                 0x08006957   Thumb Code     0  startup_stm32f40_41xxx.o(.text)
    TIM2_IRQHandler                          0x08006957   Thumb Code     0  startup_stm32f40_41xxx.o(.text)
    TIM3_IRQHandler                          0x08006957   Thumb Code     0  startup_stm32f40_41xxx.o(.text)
    TIM4_IRQHandler                          0x08006957   Thumb Code     0  startup_stm32f40_41xxx.o(.text)
    TIM5_IRQHandler                          0x08006957   Thumb Code     0  startup_stm32f40_41xxx.o(.text)
    TIM6_DAC_IRQHandler                      0x08006957   Thumb Code     0  startup_stm32f40_41xxx.o(.text)
    TIM7_IRQHandler                          0x08006957   Thumb Code     0  startup_stm32f40_41xxx.o(.text)
    TIM8_BRK_TIM12_IRQHandler                0x08006957   Thumb Code     0  startup_stm32f40_41xxx.o(.text)
    TIM8_CC_IRQHandler                       0x08006957   Thumb Code     0  startup_stm32f40_41xxx.o(.text)
    TIM8_TRG_COM_TIM14_IRQHandler            0x08006957   Thumb Code     0  startup_stm32f40_41xxx.o(.text)
    TIM8_UP_TIM13_IRQHandler                 0x08006957   Thumb Code     0  startup_stm32f40_41xxx.o(.text)
    UART4_IRQHandler                         0x08006957   Thumb Code     0  startup_stm32f40_41xxx.o(.text)
    UART5_IRQHandler                         0x08006957   Thumb Code     0  startup_stm32f40_41xxx.o(.text)
    USART2_IRQHandler                        0x08006957   Thumb Code     0  startup_stm32f40_41xxx.o(.text)
    USART3_IRQHandler                        0x08006957   Thumb Code     0  startup_stm32f40_41xxx.o(.text)
    USART6_IRQHandler                        0x08006957   Thumb Code     0  startup_stm32f40_41xxx.o(.text)
    WWDG_IRQHandler                          0x08006957   Thumb Code     0  startup_stm32f40_41xxx.o(.text)
    __user_initial_stackheap                 0x08006959   Thumb Code     0  startup_stm32f40_41xxx.o(.text)
    NVIC_PriorityGroupConfig                 0x0800697d   Thumb Code    10  misc.o(.text)
    NVIC_Init                                0x08006987   Thumb Code   106  misc.o(.text)
    NVIC_SetVectorTable                      0x080069f1   Thumb Code    14  misc.o(.text)
    NVIC_SystemLPConfig                      0x080069ff   Thumb Code    34  misc.o(.text)
    SysTick_CLKSourceConfig                  0x08006a21   Thumb Code    40  misc.o(.text)
    ADC_DeInit                               0x08006a5d   Thumb Code    22  stm32f4xx_adc.o(.text)
    ADC_Init                                 0x08006a73   Thumb Code    74  stm32f4xx_adc.o(.text)
    ADC_StructInit                           0x08006abd   Thumb Code    20  stm32f4xx_adc.o(.text)
    ADC_CommonInit                           0x08006ad1   Thumb Code    34  stm32f4xx_adc.o(.text)
    ADC_CommonStructInit                     0x08006af3   Thumb Code    12  stm32f4xx_adc.o(.text)
    ADC_Cmd                                  0x08006aff   Thumb Code    22  stm32f4xx_adc.o(.text)
    ADC_AnalogWatchdogCmd                    0x08006b15   Thumb Code    16  stm32f4xx_adc.o(.text)
    ADC_AnalogWatchdogThresholdsConfig       0x08006b25   Thumb Code     6  stm32f4xx_adc.o(.text)
    ADC_AnalogWatchdogSingleChannelConfig    0x08006b2b   Thumb Code    16  stm32f4xx_adc.o(.text)
    ADC_TempSensorVrefintCmd                 0x08006b3b   Thumb Code    34  stm32f4xx_adc.o(.text)
    ADC_VBATCmd                              0x08006b5d   Thumb Code    34  stm32f4xx_adc.o(.text)
    ADC_RegularChannelConfig                 0x08006b7f   Thumb Code   184  stm32f4xx_adc.o(.text)
    ADC_SoftwareStartConv                    0x08006c37   Thumb Code    10  stm32f4xx_adc.o(.text)
    ADC_GetSoftwareStartConvStatus           0x08006c41   Thumb Code    20  stm32f4xx_adc.o(.text)
    ADC_EOCOnEachRegularChannelCmd           0x08006c55   Thumb Code    22  stm32f4xx_adc.o(.text)
    ADC_ContinuousModeCmd                    0x08006c6b   Thumb Code    22  stm32f4xx_adc.o(.text)
    ADC_DiscModeChannelCountConfig           0x08006c81   Thumb Code    24  stm32f4xx_adc.o(.text)
    ADC_DiscModeCmd                          0x08006c99   Thumb Code    22  stm32f4xx_adc.o(.text)
    ADC_GetConversionValue                   0x08006caf   Thumb Code     8  stm32f4xx_adc.o(.text)
    ADC_GetMultiModeConversionValue          0x08006cb7   Thumb Code     8  stm32f4xx_adc.o(.text)
    ADC_DMACmd                               0x08006cbf   Thumb Code    22  stm32f4xx_adc.o(.text)
    ADC_DMARequestAfterLastTransferCmd       0x08006cd5   Thumb Code    22  stm32f4xx_adc.o(.text)
    ADC_MultiModeDMARequestAfterLastTransferCmd 0x08006ceb   Thumb Code    34  stm32f4xx_adc.o(.text)
    ADC_InjectedChannelConfig                0x08006d0d   Thumb Code   130  stm32f4xx_adc.o(.text)
    ADC_InjectedSequencerLengthConfig        0x08006d8f   Thumb Code    24  stm32f4xx_adc.o(.text)
    ADC_SetInjectedOffset                    0x08006da7   Thumb Code    20  stm32f4xx_adc.o(.text)
    ADC_ExternalTrigInjectedConvConfig       0x08006dbb   Thumb Code    16  stm32f4xx_adc.o(.text)
    ADC_ExternalTrigInjectedConvEdgeConfig   0x08006dcb   Thumb Code    16  stm32f4xx_adc.o(.text)
    ADC_SoftwareStartInjectedConv            0x08006ddb   Thumb Code    10  stm32f4xx_adc.o(.text)
    ADC_GetSoftwareStartInjectedConvCmdStatus 0x08006de5   Thumb Code    20  stm32f4xx_adc.o(.text)
    ADC_AutoInjectedConvCmd                  0x08006df9   Thumb Code    22  stm32f4xx_adc.o(.text)
    ADC_InjectedDiscModeCmd                  0x08006e0f   Thumb Code    22  stm32f4xx_adc.o(.text)
    ADC_GetInjectedConversionValue           0x08006e25   Thumb Code    28  stm32f4xx_adc.o(.text)
    ADC_ITConfig                             0x08006e41   Thumb Code    56  stm32f4xx_adc.o(.text)
    ADC_GetFlagStatus                        0x08006e79   Thumb Code    18  stm32f4xx_adc.o(.text)
    ADC_ClearFlag                            0x08006e8b   Thumb Code     6  stm32f4xx_adc.o(.text)
    ADC_GetITStatus                          0x08006e91   Thumb Code    38  stm32f4xx_adc.o(.text)
    ADC_ClearITPendingBit                    0x08006eb7   Thumb Code    10  stm32f4xx_adc.o(.text)
    GPIO_DeInit                              0x08006ec1   Thumb Code   268  stm32f4xx_gpio.o(.text)
    GPIO_Init                                0x08006fcd   Thumb Code   144  stm32f4xx_gpio.o(.text)
    GPIO_StructInit                          0x0800705d   Thumb Code    18  stm32f4xx_gpio.o(.text)
    GPIO_PinLockConfig                       0x0800706f   Thumb Code    34  stm32f4xx_gpio.o(.text)
    GPIO_ReadInputDataBit                    0x08007091   Thumb Code    18  stm32f4xx_gpio.o(.text)
    GPIO_ReadInputData                       0x080070a3   Thumb Code     8  stm32f4xx_gpio.o(.text)
    GPIO_ReadOutputDataBit                   0x080070ab   Thumb Code    18  stm32f4xx_gpio.o(.text)
    GPIO_ReadOutputData                      0x080070bd   Thumb Code     8  stm32f4xx_gpio.o(.text)
    GPIO_SetBits                             0x080070c5   Thumb Code     4  stm32f4xx_gpio.o(.text)
    GPIO_ResetBits                           0x080070c9   Thumb Code     4  stm32f4xx_gpio.o(.text)
    GPIO_WriteBit                            0x080070cd   Thumb Code    10  stm32f4xx_gpio.o(.text)
    GPIO_Write                               0x080070d7   Thumb Code     4  stm32f4xx_gpio.o(.text)
    GPIO_ToggleBits                          0x080070db   Thumb Code     8  stm32f4xx_gpio.o(.text)
    GPIO_PinAFConfig                         0x080070e3   Thumb Code    70  stm32f4xx_gpio.o(.text)
    FSMC_NORSRAMDeInit                       0x08007155   Thumb Code    54  stm32f4xx_fsmc.o(.text)
    FSMC_NORSRAMInit                         0x0800718b   Thumb Code   230  stm32f4xx_fsmc.o(.text)
    FSMC_NORSRAMStructInit                   0x08007271   Thumb Code    48  stm32f4xx_fsmc.o(.text)
    FSMC_NORSRAMCmd                          0x080072a1   Thumb Code    46  stm32f4xx_fsmc.o(.text)
    FSMC_NANDDeInit                          0x080072cf   Thumb Code    62  stm32f4xx_fsmc.o(.text)
    FSMC_NANDInit                            0x0800730d   Thumb Code   132  stm32f4xx_fsmc.o(.text)
    FSMC_NANDStructInit                      0x08007391   Thumb Code    54  stm32f4xx_fsmc.o(.text)
    FSMC_NANDCmd                             0x080073c7   Thumb Code    86  stm32f4xx_fsmc.o(.text)
    FSMC_NANDECCCmd                          0x0800741d   Thumb Code    86  stm32f4xx_fsmc.o(.text)
    FSMC_GetECC                              0x08007473   Thumb Code    24  stm32f4xx_fsmc.o(.text)
    FSMC_PCCARDDeInit                        0x0800748b   Thumb Code    36  stm32f4xx_fsmc.o(.text)
    FSMC_PCCARDInit                          0x080074af   Thumb Code   130  stm32f4xx_fsmc.o(.text)
    FSMC_PCCARDStructInit                    0x08007531   Thumb Code    60  stm32f4xx_fsmc.o(.text)
    FSMC_PCCARDCmd                           0x0800756d   Thumb Code    44  stm32f4xx_fsmc.o(.text)
    FSMC_ITConfig                            0x08007599   Thumb Code   128  stm32f4xx_fsmc.o(.text)
    FSMC_GetFlagStatus                       0x08007619   Thumb Code    54  stm32f4xx_fsmc.o(.text)
    FSMC_ClearFlag                           0x0800764f   Thumb Code    74  stm32f4xx_fsmc.o(.text)
    FSMC_GetITStatus                         0x08007699   Thumb Code    62  stm32f4xx_fsmc.o(.text)
    FSMC_ClearITPendingBit                   0x080076d7   Thumb Code    66  stm32f4xx_fsmc.o(.text)
    RCC_DeInit                               0x0800771d   Thumb Code    82  stm32f4xx_rcc.o(.text)
    RCC_HSEConfig                            0x0800776f   Thumb Code    14  stm32f4xx_rcc.o(.text)
    RCC_GetFlagStatus                        0x0800777d   Thumb Code    60  stm32f4xx_rcc.o(.text)
    RCC_WaitForHSEStartUp                    0x080077b9   Thumb Code    56  stm32f4xx_rcc.o(.text)
    RCC_AdjustHSICalibrationValue            0x080077f1   Thumb Code    20  stm32f4xx_rcc.o(.text)
    RCC_HSICmd                               0x08007805   Thumb Code     6  stm32f4xx_rcc.o(.text)
    RCC_LSEConfig                            0x0800780b   Thumb Code    46  stm32f4xx_rcc.o(.text)
    RCC_LSICmd                               0x08007839   Thumb Code     6  stm32f4xx_rcc.o(.text)
    RCC_PLLConfig                            0x0800783f   Thumb Code    32  stm32f4xx_rcc.o(.text)
    RCC_PLLCmd                               0x0800785f   Thumb Code     6  stm32f4xx_rcc.o(.text)
    RCC_PLLI2SConfig                         0x08007865   Thumb Code    14  stm32f4xx_rcc.o(.text)
    RCC_PLLI2SCmd                            0x08007873   Thumb Code     6  stm32f4xx_rcc.o(.text)
    RCC_PLLSAIConfig                         0x08007879   Thumb Code    20  stm32f4xx_rcc.o(.text)
    RCC_PLLSAICmd                            0x0800788d   Thumb Code     6  stm32f4xx_rcc.o(.text)
    RCC_ClockSecuritySystemCmd               0x08007893   Thumb Code     6  stm32f4xx_rcc.o(.text)
    RCC_MCO1Config                           0x08007899   Thumb Code    28  stm32f4xx_rcc.o(.text)
    RCC_MCO2Config                           0x080078b5   Thumb Code    28  stm32f4xx_rcc.o(.text)
    RCC_SYSCLKConfig                         0x080078d1   Thumb Code    20  stm32f4xx_rcc.o(.text)
    RCC_GetSYSCLKSource                      0x080078e5   Thumb Code    12  stm32f4xx_rcc.o(.text)
    RCC_HCLKConfig                           0x080078f1   Thumb Code    20  stm32f4xx_rcc.o(.text)
    RCC_PCLK1Config                          0x08007905   Thumb Code    20  stm32f4xx_rcc.o(.text)
    RCC_PCLK2Config                          0x08007919   Thumb Code    22  stm32f4xx_rcc.o(.text)
    RCC_GetClocksFreq                        0x0800792f   Thumb Code   222  stm32f4xx_rcc.o(.text)
    RCC_RTCCLKConfig                         0x08007a0d   Thumb Code    54  stm32f4xx_rcc.o(.text)
    RCC_RTCCLKCmd                            0x08007a43   Thumb Code     8  stm32f4xx_rcc.o(.text)
    RCC_BackupResetCmd                       0x08007a4b   Thumb Code     8  stm32f4xx_rcc.o(.text)
    RCC_I2SCLKConfig                         0x08007a53   Thumb Code     6  stm32f4xx_rcc.o(.text)
    RCC_SAIPLLI2SClkDivConfig                0x08007a59   Thumb Code    26  stm32f4xx_rcc.o(.text)
    RCC_SAIPLLSAIClkDivConfig                0x08007a73   Thumb Code    28  stm32f4xx_rcc.o(.text)
    RCC_SAIBlockACLKConfig                   0x08007a8f   Thumb Code    20  stm32f4xx_rcc.o(.text)
    RCC_SAIBlockBCLKConfig                   0x08007aa3   Thumb Code    20  stm32f4xx_rcc.o(.text)
    RCC_LTDCCLKDivConfig                     0x08007ab7   Thumb Code    20  stm32f4xx_rcc.o(.text)
    RCC_TIMCLKPresConfig                     0x08007acb   Thumb Code     6  stm32f4xx_rcc.o(.text)
    RCC_AHB1PeriphClockCmd                   0x08007ad1   Thumb Code    34  stm32f4xx_rcc.o(.text)
    RCC_AHB2PeriphClockCmd                   0x08007af3   Thumb Code    78  stm32f4xx_rcc.o(.text)
    RCC_AHB3PeriphClockCmd                   0x08007b41   Thumb Code    34  stm32f4xx_rcc.o(.text)
    RCC_APB1PeriphClockCmd                   0x08007b63   Thumb Code    34  stm32f4xx_rcc.o(.text)
    RCC_APB2PeriphClockCmd                   0x08007b85   Thumb Code    34  stm32f4xx_rcc.o(.text)
    RCC_AHB1PeriphResetCmd                   0x08007ba7   Thumb Code    34  stm32f4xx_rcc.o(.text)
    RCC_AHB2PeriphResetCmd                   0x08007bc9   Thumb Code    34  stm32f4xx_rcc.o(.text)
    RCC_AHB3PeriphResetCmd                   0x08007beb   Thumb Code    34  stm32f4xx_rcc.o(.text)
    RCC_APB1PeriphResetCmd                   0x08007c0d   Thumb Code    34  stm32f4xx_rcc.o(.text)
    RCC_APB2PeriphResetCmd                   0x08007c2f   Thumb Code    34  stm32f4xx_rcc.o(.text)
    RCC_AHB1PeriphClockLPModeCmd             0x08007c51   Thumb Code    34  stm32f4xx_rcc.o(.text)
    RCC_AHB2PeriphClockLPModeCmd             0x08007c73   Thumb Code    34  stm32f4xx_rcc.o(.text)
    RCC_AHB3PeriphClockLPModeCmd             0x08007c95   Thumb Code    34  stm32f4xx_rcc.o(.text)
    RCC_APB1PeriphClockLPModeCmd             0x08007cb7   Thumb Code    34  stm32f4xx_rcc.o(.text)
    RCC_APB2PeriphClockLPModeCmd             0x08007cd9   Thumb Code    34  stm32f4xx_rcc.o(.text)
    RCC_LSEModeConfig                        0x08007cfb   Thumb Code    40  stm32f4xx_rcc.o(.text)
    RCC_ITConfig                             0x08007d23   Thumb Code    34  stm32f4xx_rcc.o(.text)
    RCC_ClearFlag                            0x08007d45   Thumb Code    18  stm32f4xx_rcc.o(.text)
    RCC_GetITStatus                          0x08007d57   Thumb Code    22  stm32f4xx_rcc.o(.text)
    RCC_ClearITPendingBit                    0x08007d6d   Thumb Code     8  stm32f4xx_rcc.o(.text)
    USART_DeInit                             0x08007d79   Thumb Code   206  stm32f4xx_usart.o(.text)
    USART_Init                               0x08007e47   Thumb Code   204  stm32f4xx_usart.o(.text)
    USART_StructInit                         0x08007f13   Thumb Code    24  stm32f4xx_usart.o(.text)
    USART_ClockInit                          0x08007f2b   Thumb Code    32  stm32f4xx_usart.o(.text)
    USART_ClockStructInit                    0x08007f4b   Thumb Code    12  stm32f4xx_usart.o(.text)
    USART_Cmd                                0x08007f57   Thumb Code    24  stm32f4xx_usart.o(.text)
    USART_SetPrescaler                       0x08007f6f   Thumb Code    16  stm32f4xx_usart.o(.text)
    USART_OverSampling8Cmd                   0x08007f7f   Thumb Code    22  stm32f4xx_usart.o(.text)
    USART_OneBitMethodCmd                    0x08007f95   Thumb Code    24  stm32f4xx_usart.o(.text)
    USART_SendData                           0x08007fad   Thumb Code     8  stm32f4xx_usart.o(.text)
    USART_ReceiveData                        0x08007fb5   Thumb Code    10  stm32f4xx_usart.o(.text)
    USART_SetAddress                         0x08007fbf   Thumb Code    18  stm32f4xx_usart.o(.text)
    USART_ReceiverWakeUpCmd                  0x08007fd1   Thumb Code    24  stm32f4xx_usart.o(.text)
    USART_WakeUpConfig                       0x08007fe9   Thumb Code    18  stm32f4xx_usart.o(.text)
    USART_LINBreakDetectLengthConfig         0x08007ffb   Thumb Code    18  stm32f4xx_usart.o(.text)
    USART_LINCmd                             0x0800800d   Thumb Code    24  stm32f4xx_usart.o(.text)
    USART_SendBreak                          0x08008025   Thumb Code    10  stm32f4xx_usart.o(.text)
    USART_HalfDuplexCmd                      0x0800802f   Thumb Code    24  stm32f4xx_usart.o(.text)
    USART_SetGuardTime                       0x08008047   Thumb Code    16  stm32f4xx_usart.o(.text)
    USART_SmartCardCmd                       0x08008057   Thumb Code    24  stm32f4xx_usart.o(.text)
    USART_SmartCardNACKCmd                   0x0800806f   Thumb Code    24  stm32f4xx_usart.o(.text)
    USART_IrDAConfig                         0x08008087   Thumb Code    18  stm32f4xx_usart.o(.text)
    USART_IrDACmd                            0x08008099   Thumb Code    24  stm32f4xx_usart.o(.text)
    USART_DMACmd                             0x080080b1   Thumb Code    18  stm32f4xx_usart.o(.text)
    USART_ITConfig                           0x080080c3   Thumb Code    74  stm32f4xx_usart.o(.text)
    USART_GetFlagStatus                      0x0800810d   Thumb Code    26  stm32f4xx_usart.o(.text)
    USART_ClearFlag                          0x08008127   Thumb Code    18  stm32f4xx_usart.o(.text)
    USART_GetITStatus                        0x08008139   Thumb Code   118  stm32f4xx_usart.o(.text)
    USART_ClearITPendingBit                  0x080081af   Thumb Code    30  stm32f4xx_usart.o(.text)
    SYSCFG_DeInit                            0x080081cd   Thumb Code    22  stm32f4xx_syscfg.o(.text)
    SYSCFG_MemoryRemapConfig                 0x080081e3   Thumb Code     6  stm32f4xx_syscfg.o(.text)
    SYSCFG_MemorySwappingBank                0x080081e9   Thumb Code     6  stm32f4xx_syscfg.o(.text)
    SYSCFG_EXTILineConfig                    0x080081ef   Thumb Code    66  stm32f4xx_syscfg.o(.text)
    SYSCFG_ETH_MediaInterfaceConfig          0x08008231   Thumb Code     8  stm32f4xx_syscfg.o(.text)
    SYSCFG_CompensationCellCmd               0x08008239   Thumb Code     6  stm32f4xx_syscfg.o(.text)
    SYSCFG_GetCompensationCellStatus         0x0800823f   Thumb Code    22  stm32f4xx_syscfg.o(.text)
    EXTI_DeInit                              0x08008261   Thumb Code    28  stm32f4xx_exti.o(.text)
    EXTI_Init                                0x0800827d   Thumb Code   142  stm32f4xx_exti.o(.text)
    EXTI_StructInit                          0x0800830b   Thumb Code    16  stm32f4xx_exti.o(.text)
    EXTI_GenerateSWInterrupt                 0x0800831b   Thumb Code    16  stm32f4xx_exti.o(.text)
    EXTI_GetFlagStatus                       0x0800832b   Thumb Code    22  stm32f4xx_exti.o(.text)
    EXTI_ClearFlag                           0x08008341   Thumb Code     8  stm32f4xx_exti.o(.text)
    EXTI_GetITStatus                         0x08008349   Thumb Code    22  stm32f4xx_exti.o(.text)
    EXTI_ClearITPendingBit                   0x0800835f   Thumb Code     8  stm32f4xx_exti.o(.text)
    __use_no_semihosting                     0x08008371   Thumb Code     2  use_no_semi_2.o(.text)
    __2printf                                0x08008375   Thumb Code    20  noretval__2printf.o(.text)
    __printf                                 0x0800838d   Thumb Code   104  __printf.o(.text)
    _printf_int_hex                          0x080083f5   Thumb Code    84  _printf_hex_int.o(.text)
    _printf_longlong_hex                     0x080083f5   Thumb Code     0  _printf_hex_int.o(.text)
    __use_two_region_memory                  0x0800844d   Thumb Code     2  heapauxi.o(.text)
    __rt_heap_escrow$2region                 0x0800844f   Thumb Code     2  heapauxi.o(.text)
    __rt_heap_expand$2region                 0x08008451   Thumb Code     2  heapauxi.o(.text)
    __I$use$semihosting                      0x08008453   Thumb Code     0  use_no_semi.o(.text)
    __use_no_semihosting_swi                 0x08008453   Thumb Code     2  use_no_semi.o(.text)
    _printf_int_common                       0x08008455   Thumb Code   178  _printf_intcommon.o(.text)
    _printf_char_file                        0x08008509   Thumb Code    32  _printf_char_file.o(.text)
    _printf_char_common                      0x08008537   Thumb Code    32  _printf_char_common.o(.text)
    ferror                                   0x0800855d   Thumb Code     8  ferror.o(.text)
    __user_setup_stackheap                   0x08008565   Thumb Code    74  sys_stackheap_outer.o(.text)
    exit                                     0x080085af   Thumb Code    12  exit.o(.text)
    __user_libspace                          0x080085bd   Thumb Code     8  libspace.o(.text)
    __user_perproc_libspace                  0x080085bd   Thumb Code     0  libspace.o(.text)
    __user_perthread_libspace                0x080085bd   Thumb Code     0  libspace.o(.text)
    __aeabi_d2f                              0x080085c5   Thumb Code     0  d2f.o(x$fpl$d2f)
    _d2f                                     0x080085c5   Thumb Code    98  d2f.o(x$fpl$d2f)
    __aeabi_dadd                             0x08008629   Thumb Code     0  daddsub_clz.o(x$fpl$dadd)
    _dadd                                    0x08008629   Thumb Code   332  daddsub_clz.o(x$fpl$dadd)
    __fpl_dcmp_Inf                           0x08008779   Thumb Code    24  dcmpi.o(x$fpl$dcmpinf)
    __aeabi_ddiv                             0x08008791   Thumb Code     0  ddiv.o(x$fpl$ddiv)
    _ddiv                                    0x08008791   Thumb Code   552  ddiv.o(x$fpl$ddiv)
    __aeabi_d2iz                             0x08008a41   Thumb Code     0  dfix.o(x$fpl$dfix)
    _dfix                                    0x08008a41   Thumb Code    94  dfix.o(x$fpl$dfix)
    __aeabi_d2uiz                            0x08008aa1   Thumb Code     0  dfixu.o(x$fpl$dfixu)
    _dfixu                                   0x08008aa1   Thumb Code    90  dfixu.o(x$fpl$dfixu)
    __aeabi_i2d                              0x08008afb   Thumb Code     0  dflt_clz.o(x$fpl$dflt)
    _dflt                                    0x08008afb   Thumb Code    46  dflt_clz.o(x$fpl$dflt)
    __aeabi_ui2d                             0x08008b29   Thumb Code     0  dflt_clz.o(x$fpl$dfltu)
    _dfltu                                   0x08008b29   Thumb Code    38  dflt_clz.o(x$fpl$dfltu)
    __aeabi_cdcmple                          0x08008b51   Thumb Code     0  dleqf.o(x$fpl$dleqf)
    _dcmple                                  0x08008b51   Thumb Code   120  dleqf.o(x$fpl$dleqf)
    __fpl_dcmple_InfNaN                      0x08008bb3   Thumb Code     0  dleqf.o(x$fpl$dleqf)
    __aeabi_dmul                             0x08008bc9   Thumb Code     0  dmul.o(x$fpl$dmul)
    _dmul                                    0x08008bc9   Thumb Code   332  dmul.o(x$fpl$dmul)
    __fpl_dnaninf                            0x08008d1d   Thumb Code   156  dnaninf.o(x$fpl$dnaninf)
    __fpl_dretinf                            0x08008db9   Thumb Code    12  dretinf.o(x$fpl$dretinf)
    __aeabi_cdrcmple                         0x08008dc5   Thumb Code     0  drleqf.o(x$fpl$drleqf)
    _drcmple                                 0x08008dc5   Thumb Code   108  drleqf.o(x$fpl$drleqf)
    __aeabi_dsub                             0x08008e31   Thumb Code     0  daddsub_clz.o(x$fpl$dsub)
    _dsub                                    0x08008e31   Thumb Code   464  daddsub_clz.o(x$fpl$dsub)
    __aeabi_f2d                              0x08009005   Thumb Code     0  f2d.o(x$fpl$f2d)
    _f2d                                     0x08009005   Thumb Code    86  f2d.o(x$fpl$f2d)
    __fpl_fnaninf                            0x0800905b   Thumb Code   140  fnaninf.o(x$fpl$fnaninf)
    _fp_init                                 0x080090e7   Thumb Code    10  fpinit.o(x$fpl$fpinit)
    __fplib_config_fpu_vfp                   0x080090ef   Thumb Code     0  fpinit.o(x$fpl$fpinit)
    __fplib_config_pureend_doubles           0x080090ef   Thumb Code     0  fpinit.o(x$fpl$fpinit)
    __fpl_fretinf                            0x080090f1   Thumb Code    10  fretinf.o(x$fpl$fretinf)
    __I$use$fp                               0x080090fa   Number         0  usenofp.o(x$fpl$usenofp)
    asc2_1206                                0x080090fa   Data        1140  lcd.o(.constdata)
    asc2_1608                                0x0800956e   Data        1520  lcd.o(.constdata)
    asc2_2412                                0x08009b5e   Data        3420  lcd.o(.constdata)
    FSMC_DefaultTimingStruct                 0x0800a8bc   Data          28  stm32f4xx_fsmc.o(.constdata)
    Region$$Table$$Base                      0x0800a900   Number         0  anon$$obj.o(Region$$Table)
    Region$$Table$$Limit                     0x0800a920   Number         0  anon$$obj.o(Region$$Table)
    AllLigth                                 0x20000000   Data           2  main.o(.data)
    NowLigth                                 0x20000002   Data           6  main.o(.data)
    StdLigth                                 0x20000008   Data           6  main.o(.data)
    x                                        0x2000000e   Data           2  main.o(.data)
    y                                        0x20000010   Data           2  main.o(.data)
    z                                        0x20000012   Data           2  main.o(.data)
    w                                        0x20000014   Data           2  main.o(.data)
    min                                      0x20000016   Data           2  main.o(.data)
    i                                        0x20000018   Data           1  main.o(.data)
    j                                        0x20000019   Data           1  main.o(.data)
    t                                        0x2000001a   Data           1  main.o(.data)
    LigthForm                                0x20000020   Data         232  main.o(.data)
    LengthForm                               0x20000108   Data         232  main.o(.data)
    ELigth                                   0x200001f0   Data           2  main.o(.data)
    value                                    0x200001f2   Data           2  main.o(.data)
    avg                                      0x200001f4   Data           2  main.o(.data)
    temp                                     0x200001f6   Data           2  main.o(.data)
    count                                    0x200001f8   Data           2  main.o(.data)
    SystemCoreClock                          0x200001fc   Data           4  system_stm32f4xx.o(.data)
    AHBPrescTable                            0x20000200   Data          16  system_stm32f4xx.o(.data)
    POINT_COLOR                              0x20000210   Data           2  lcd.o(.data)
    BACK_COLOR                               0x20000212   Data           2  lcd.o(.data)
    model                                    0x20000218   Data           2  exti.o(.data)
    problem                                  0x2000021a   Data           2  exti.o(.data)
    __stdout                                 0x20000224   Data           4  usart.o(.data)
    USART_RX_STA                             0x20000228   Data           2  usart.o(.data)
    LigthPercent                             0x20000240   Data          12  main.o(.bss)
    data                                     0x2000024c   Data        7200  main.o(.bss)
    Length                                   0x20001e70   Data          24  main.o(.bss)
    str                                      0x20001e88   Data          30  main.o(.bss)
    lcddev                                   0x20001ea6   Data          14  lcd.o(.bss)
    USART_RX_BUF                             0x20001eb4   Data         200  usart.o(.bss)
    __libspace_start                         0x20001f7c   Data          96  libspace.o(.bss)
    __temporary_stack_top$libspace           0x20001fdc   Data           0  libspace.o(.bss)



==============================================================================

Memory Map of the image

  Image Entry point : 0x08000189

  Load Region LR_IROM1 (Base: 0x08000000, Size: 0x0000ab5c, Max: 0x00100000, ABSOLUTE, COMPRESSED[0x0000aa58])

    Execution Region ER_IROM1 (Base: 0x08000000, Size: 0x0000a920, Max: 0x00100000, ABSOLUTE)

    Base Addr    Size         Type   Attr      Idx    E Section Name        Object

    0x08000000   0x00000188   Data   RO          439    RESET               startup_stm32f40_41xxx.o
    0x08000188   0x00000008   Code   RO          664  * !!!main             c_w.l(__main.o)
    0x08000190   0x00000034   Code   RO          878    !!!scatter          c_w.l(__scatter.o)
    0x080001c4   0x0000005a   Code   RO          876    !!dczerorl2         c_w.l(__dczerorl2.o)
    0x0800021e   0x00000002   PAD
    0x08000220   0x0000001c   Code   RO          880    !!handler_zi        c_w.l(__scatter_zi.o)
    0x0800023c   0x00000000   Code   RO          661    .ARM.Collect$$_printf_percent$$00000000  c_w.l(_printf_percent.o)
    0x0800023c   0x00000006   Code   RO          660    .ARM.Collect$$_printf_percent$$0000000C  c_w.l(_printf_x.o)
    0x08000242   0x00000004   Code   RO          707    .ARM.Collect$$_printf_percent$$00000017  c_w.l(_printf_percent_end.o)
    0x08000246   0x00000002   Code   RO          751    .ARM.Collect$$libinit$$00000000  c_w.l(libinit.o)
    0x08000248   0x00000004   Code   RO          757    .ARM.Collect$$libinit$$00000001  c_w.l(libinit2.o)
    0x0800024c   0x00000000   Code   RO          760    .ARM.Collect$$libinit$$00000004  c_w.l(libinit2.o)
    0x0800024c   0x00000000   Code   RO          763    .ARM.Collect$$libinit$$0000000A  c_w.l(libinit2.o)
    0x0800024c   0x00000000   Code   RO          765    .ARM.Collect$$libinit$$0000000C  c_w.l(libinit2.o)
    0x0800024c   0x00000000   Code   RO          767    .ARM.Collect$$libinit$$0000000E  c_w.l(libinit2.o)
    0x0800024c   0x00000000   Code   RO          770    .ARM.Collect$$libinit$$00000011  c_w.l(libinit2.o)
    0x0800024c   0x00000000   Code   RO          772    .ARM.Collect$$libinit$$00000013  c_w.l(libinit2.o)
    0x0800024c   0x00000000   Code   RO          774    .ARM.Collect$$libinit$$00000015  c_w.l(libinit2.o)
    0x0800024c   0x00000000   Code   RO          776    .ARM.Collect$$libinit$$00000017  c_w.l(libinit2.o)
    0x0800024c   0x00000000   Code   RO          778    .ARM.Collect$$libinit$$00000019  c_w.l(libinit2.o)
    0x0800024c   0x00000000   Code   RO          780    .ARM.Collect$$libinit$$0000001B  c_w.l(libinit2.o)
    0x0800024c   0x00000000   Code   RO          782    .ARM.Collect$$libinit$$0000001D  c_w.l(libinit2.o)
    0x0800024c   0x00000000   Code   RO          784    .ARM.Collect$$libinit$$0000001F  c_w.l(libinit2.o)
    0x0800024c   0x00000000   Code   RO          786    .ARM.Collect$$libinit$$00000021  c_w.l(libinit2.o)
    0x0800024c   0x00000000   Code   RO          788    .ARM.Collect$$libinit$$00000023  c_w.l(libinit2.o)
    0x0800024c   0x00000000   Code   RO          790    .ARM.Collect$$libinit$$00000025  c_w.l(libinit2.o)
    0x0800024c   0x00000000   Code   RO          794    .ARM.Collect$$libinit$$0000002C  c_w.l(libinit2.o)
    0x0800024c   0x00000000   Code   RO          796    .ARM.Collect$$libinit$$0000002E  c_w.l(libinit2.o)
    0x0800024c   0x00000000   Code   RO          798    .ARM.Collect$$libinit$$00000030  c_w.l(libinit2.o)
    0x0800024c   0x00000000   Code   RO          800    .ARM.Collect$$libinit$$00000032  c_w.l(libinit2.o)
    0x0800024c   0x00000002   Code   RO          801    .ARM.Collect$$libinit$$00000033  c_w.l(libinit2.o)
    0x0800024e   0x00000002   Code   RO          819    .ARM.Collect$$libshutdown$$00000000  c_w.l(libshutdown.o)
    0x08000250   0x00000000   Code   RO          830    .ARM.Collect$$libshutdown$$00000003  c_w.l(libshutdown2.o)
    0x08000250   0x00000000   Code   RO          833    .ARM.Collect$$libshutdown$$00000006  c_w.l(libshutdown2.o)
    0x08000250   0x00000000   Code   RO          836    .ARM.Collect$$libshutdown$$00000009  c_w.l(libshutdown2.o)
    0x08000250   0x00000000   Code   RO          838    .ARM.Collect$$libshutdown$$0000000B  c_w.l(libshutdown2.o)
    0x08000250   0x00000000   Code   RO          841    .ARM.Collect$$libshutdown$$0000000E  c_w.l(libshutdown2.o)
    0x08000250   0x00000002   Code   RO          842    .ARM.Collect$$libshutdown$$0000000F  c_w.l(libshutdown2.o)
    0x08000252   0x00000000   Code   RO          702    .ARM.Collect$$rtentry$$00000000  c_w.l(__rtentry.o)
    0x08000252   0x00000000   Code   RO          720    .ARM.Collect$$rtentry$$00000002  c_w.l(__rtentry2.o)
    0x08000252   0x00000006   Code   RO          732    .ARM.Collect$$rtentry$$00000004  c_w.l(__rtentry4.o)
    0x08000258   0x00000000   Code   RO          722    .ARM.Collect$$rtentry$$00000009  c_w.l(__rtentry2.o)
    0x08000258   0x00000004   Code   RO          723    .ARM.Collect$$rtentry$$0000000A  c_w.l(__rtentry2.o)
    0x0800025c   0x00000000   Code   RO          725    .ARM.Collect$$rtentry$$0000000C  c_w.l(__rtentry2.o)
    0x0800025c   0x00000008   Code   RO          726    .ARM.Collect$$rtentry$$0000000D  c_w.l(__rtentry2.o)
    0x08000264   0x00000002   Code   RO          755    .ARM.Collect$$rtexit$$00000000  c_w.l(rtexit.o)
    0x08000266   0x00000000   Code   RO          803    .ARM.Collect$$rtexit$$00000002  c_w.l(rtexit2.o)
    0x08000266   0x00000004   Code   RO          804    .ARM.Collect$$rtexit$$00000003  c_w.l(rtexit2.o)
    0x0800026a   0x00000006   Code   RO          805    .ARM.Collect$$rtexit$$00000004  c_w.l(rtexit2.o)
    0x08000270   0x00001024   Code   RO            3    .text               main.o
    0x08001294   0x0000001a   Code   RO          168    .text               stm32f4xx_it.o
    0x080012ae   0x00000002   PAD
    0x080012b0   0x00000210   Code   RO          217    .text               system_stm32f4xx.o
    0x080014c0   0x00000040   Code   RO          243    .text               led.o
    0x08001500   0x00004cf6   Code   RO          263    .text               lcd.o
    0x080061f6   0x00000002   PAD
    0x080061f8   0x000000b0   Code   RO          301    .text               adc.o
    0x080062a8   0x00000128   Code   RO          321    .text               key.o
    0x080063d0   0x0000031c   Code   RO          342    .text               exti.o
    0x080066ec   0x00000104   Code   RO          368    .text               delay.o
    0x080067f0   0x0000014c   Code   RO          408    .text               usart.o
    0x0800693c   0x00000040   Code   RO          440    .text               startup_stm32f40_41xxx.o
    0x0800697c   0x000000e0   Code   RO          446    .text               misc.o
    0x08006a5c   0x00000464   Code   RO          466    .text               stm32f4xx_adc.o
    0x08006ec0   0x00000294   Code   RO          486    .text               stm32f4xx_gpio.o
    0x08007154   0x000005c8   Code   RO          506    .text               stm32f4xx_fsmc.o
    0x0800771c   0x0000065c   Code   RO          529    .text               stm32f4xx_rcc.o
    0x08007d78   0x00000454   Code   RO          551    .text               stm32f4xx_usart.o
    0x080081cc   0x00000094   Code   RO          571    .text               stm32f4xx_syscfg.o
    0x08008260   0x00000110   Code   RO          591    .text               stm32f4xx_exti.o
    0x08008370   0x00000002   Code   RO          611    .text               c_w.l(use_no_semi_2.o)
    0x08008372   0x00000002   PAD
    0x08008374   0x00000018   Code   RO          615    .text               c_w.l(noretval__2printf.o)
    0x0800838c   0x00000068   Code   RO          617    .text               c_w.l(__printf.o)
    0x080083f4   0x00000058   Code   RO          622    .text               c_w.l(_printf_hex_int.o)
    0x0800844c   0x00000006   Code   RO          662    .text               c_w.l(heapauxi.o)
    0x08008452   0x00000002   Code   RO          700    .text               c_w.l(use_no_semi.o)
    0x08008454   0x000000b2   Code   RO          703    .text               c_w.l(_printf_intcommon.o)
    0x08008506   0x00000002   PAD
    0x08008508   0x00000024   Code   RO          705    .text               c_w.l(_printf_char_file.o)
    0x0800852c   0x00000030   Code   RO          734    .text               c_w.l(_printf_char_common.o)
    0x0800855c   0x00000008   Code   RO          736    .text               c_w.l(ferror.o)
    0x08008564   0x0000004a   Code   RO          740    .text               c_w.l(sys_stackheap_outer.o)
    0x080085ae   0x0000000c   Code   RO          744    .text               c_w.l(exit.o)
    0x080085ba   0x00000002   PAD
    0x080085bc   0x00000008   Code   RO          752    .text               c_w.l(libspace.o)
    0x080085c4   0x00000062   Code   RO          666    x$fpl$d2f           fz_wm.l(d2f.o)
    0x08008626   0x00000002   PAD
    0x08008628   0x00000150   Code   RO          668    x$fpl$dadd          fz_wm.l(daddsub_clz.o)
    0x08008778   0x00000018   Code   RO          708    x$fpl$dcmpinf       fz_wm.l(dcmpi.o)
    0x08008790   0x000002b0   Code   RO          675    x$fpl$ddiv          fz_wm.l(ddiv.o)
    0x08008a40   0x0000005e   Code   RO          678    x$fpl$dfix          fz_wm.l(dfix.o)
    0x08008a9e   0x00000002   PAD
    0x08008aa0   0x0000005a   Code   RO          682    x$fpl$dfixu         fz_wm.l(dfixu.o)
    0x08008afa   0x0000002e   Code   RO          687    x$fpl$dflt          fz_wm.l(dflt_clz.o)
    0x08008b28   0x00000026   Code   RO          686    x$fpl$dfltu         fz_wm.l(dflt_clz.o)
    0x08008b4e   0x00000002   PAD
    0x08008b50   0x00000078   Code   RO          692    x$fpl$dleqf         fz_wm.l(dleqf.o)
    0x08008bc8   0x00000154   Code   RO          694    x$fpl$dmul          fz_wm.l(dmul.o)
    0x08008d1c   0x0000009c   Code   RO          710    x$fpl$dnaninf       fz_wm.l(dnaninf.o)
    0x08008db8   0x0000000c   Code   RO          712    x$fpl$dretinf       fz_wm.l(dretinf.o)
    0x08008dc4   0x0000006c   Code   RO          696    x$fpl$drleqf        fz_wm.l(drleqf.o)
    0x08008e30   0x000001d4   Code   RO          670    x$fpl$dsub          fz_wm.l(daddsub_clz.o)
    0x08009004   0x00000056   Code   RO          698    x$fpl$f2d           fz_wm.l(f2d.o)
    0x0800905a   0x0000008c   Code   RO          714    x$fpl$fnaninf       fz_wm.l(fnaninf.o)
    0x080090e6   0x0000000a   Code   RO          811    x$fpl$fpinit        fz_wm.l(fpinit.o)
    0x080090f0   0x0000000a   Code   RO          716    x$fpl$fretinf       fz_wm.l(fretinf.o)
    0x080090fa   0x00000000   Code   RO          718    x$fpl$usenofp       fz_wm.l(usenofp.o)
    0x080090fa   0x000017c0   Data   RO          265    .constdata          lcd.o
    0x0800a8ba   0x00000002   PAD
    0x0800a8bc   0x0000001c   Data   RO          507    .constdata          stm32f4xx_fsmc.o
    0x0800a8d8   0x00000028   Data   RO          623    .constdata          c_w.l(_printf_hex_int.o)
    0x0800a900   0x00000020   Data   RO          874    Region$$Table       anon$$obj.o


    Execution Region RW_IRAM1 (Base: 0x20000000, Size: 0x000025e0, Max: 0x00020000, ABSOLUTE, COMPRESSED[0x00000138])

    Base Addr    Size         Type   Attr      Idx    E Section Name        Object

    0x20000000   0x000001fa   Data   RW            5    .data               main.o
    0x200001fa   0x00000002   PAD
    0x200001fc   0x00000014   Data   RW          218    .data               system_stm32f4xx.o
    0x20000210   0x00000004   Data   RW          266    .data               lcd.o
    0x20000214   0x00000001   Data   RW          322    .data               key.o
    0x20000215   0x00000003   PAD
    0x20000218   0x00000008   Data   RW          343    .data               exti.o
    0x20000220   0x00000004   Data   RW          369    .data               delay.o
    0x20000224   0x00000006   Data   RW          410    .data               usart.o
    0x2000022a   0x00000010   Data   RW          530    .data               stm32f4xx_rcc.o
    0x2000023a   0x00000006   PAD
    0x20000240   0x00001c66   Zero   RW            4    .bss                main.o
    0x20001ea6   0x0000000e   Zero   RW          264    .bss                lcd.o
    0x20001eb4   0x000000c8   Zero   RW          409    .bss                usart.o
    0x20001f7c   0x00000060   Zero   RW          753    .bss                c_w.l(libspace.o)
    0x20001fdc   0x00000004   PAD
    0x20001fe0   0x00000200   Zero   RW          438    HEAP                startup_stm32f40_41xxx.o
    0x200021e0   0x00000400   Zero   RW          437    STACK               startup_stm32f40_41xxx.o


==============================================================================

Image component sizes


      Code (inc. data)   RO Data    RW Data    ZI Data      Debug   Object Name

       176          8          0          0          0        815   adc.o
       260          8          0          4          0       1373   delay.o
       796        116          0          8          0       1704   exti.o
       296         18          0          1          0        856   key.o
     19702        174       6080          4         14      22485   lcd.o
        64          4          0          0          0        495   led.o
      4132        492          0        506       7270     290297   main.o
       224         20          0          0          0       1753   misc.o
        64         26        392          0       1536        804   startup_stm32f40_41xxx.o
      1124         24          0          0          0      10426   stm32f4xx_adc.o
       272         10          0          0          0       2199   stm32f4xx_exti.o
      1480         18         28          0          0       5518   stm32f4xx_fsmc.o
       660         44          0          0          0       4033   stm32f4xx_gpio.o
        26          0          0          0          0       1190   stm32f4xx_it.o
      1628         52          0         16          0      12784   stm32f4xx_rcc.o
       148         12          0          0          0       1813   stm32f4xx_syscfg.o
      1108         34          0          0          0       7732   stm32f4xx_usart.o
       528         46          0         20          0       1683   system_stm32f4xx.o
       332         18          0          6        200       3214   usart.o

    ----------------------------------------------------------------------
     33024       1124       6534        572       9024     371174   Object Totals
         0          0         32          0          0          0   (incl. Generated)
         4          0          2          7          4          0   (incl. Padding)

    ----------------------------------------------------------------------

      Code (inc. data)   RO Data    RW Data    ZI Data      Debug   Library Member Name

        90          0          0          0          0          0   __dczerorl2.o
         8          0          0          0          0         68   __main.o
       104          0          0          0          0         84   __printf.o
         0          0          0          0          0          0   __rtentry.o
        12          0          0          0          0          0   __rtentry2.o
         6          0          0          0          0          0   __rtentry4.o
        52          8          0          0          0          0   __scatter.o
        28          0          0          0          0          0   __scatter_zi.o
        48          6          0          0          0         96   _printf_char_common.o
        36          4          0          0          0         80   _printf_char_file.o
        88          4         40          0          0         88   _printf_hex_int.o
       178          0          0          0          0         88   _printf_intcommon.o
         0          0          0          0          0          0   _printf_percent.o
         4          0          0          0          0          0   _printf_percent_end.o
         6          0          0          0          0          0   _printf_x.o
        12          0          0          0          0         72   exit.o
         8          0          0          0          0         68   ferror.o
         6          0          0          0          0        152   heapauxi.o
         2          0          0          0          0          0   libinit.o
         6          0          0          0          0          0   libinit2.o
         2          0          0          0          0          0   libshutdown.o
         2          0          0          0          0          0   libshutdown2.o
         8          4          0          0         96         68   libspace.o
        24          4          0          0          0         84   noretval__2printf.o
         2          0          0          0          0          0   rtexit.o
        10          0          0          0          0          0   rtexit2.o
        74          0          0          0          0         80   sys_stackheap_outer.o
         2          0          0          0          0         68   use_no_semi.o
         2          0          0          0          0         68   use_no_semi_2.o
        98          4          0          0          0        140   d2f.o
       804         16          0          0          0        368   daddsub_clz.o
        24          0          0          0          0        116   dcmpi.o
       688        140          0          0          0        256   ddiv.o
        94          4          0          0          0        140   dfix.o
        90          4          0          0          0        140   dfixu.o
        84          0          0          0          0        232   dflt_clz.o
       120          4          0          0          0        140   dleqf.o
       340         12          0          0          0        152   dmul.o
       156          4          0          0          0        140   dnaninf.o
        12          0          0          0          0        116   dretinf.o
       108          0          0          0          0        128   drleqf.o
        86          4          0          0          0        132   f2d.o
       140          4          0          0          0        132   fnaninf.o
        10          0          0          0          0        116   fpinit.o
        10          0          0          0          0        116   fretinf.o
         0          0          0          0          0          0   usenofp.o

    ----------------------------------------------------------------------
      3698        226         40          0        100       3728   Library Totals
        14          0          0          0          4          0   (incl. Padding)

    ----------------------------------------------------------------------

      Code (inc. data)   RO Data    RW Data    ZI Data      Debug   Library Name

       820         30         40          0         96       1164   c_w.l
      2864        196          0          0          0       2564   fz_wm.l

    ----------------------------------------------------------------------
      3698        226         40          0        100       3728   Library Totals

    ----------------------------------------------------------------------

==============================================================================


      Code (inc. data)   RO Data    RW Data    ZI Data      Debug   

     36722       1350       6574        572       9124     368782   Grand Totals
     36722       1350       6574        312       9124     368782   ELF Image Totals (compressed)
     36722       1350       6574        312          0          0   ROM Totals

==============================================================================

    Total RO  Size (Code + RO Data)                43296 (  42.28kB)
    Total RW  Size (RW Data + ZI Data)              9696 (   9.47kB)
    Total ROM Size (Code + RO Data + RW Data)      43608 (  42.59kB)

==============================================================================

