<html>
<body>
<pre>
<h1>µVision Build Log</h1>
<h2>Tool Versions:</h2>
IDE-Version: ¦ÌVision V5.14.2
Copyright (C) 2015 ARM Ltd and ARM Germany GmbH. All rights reserved.
License Information: Cortex-M4, GRRTS, LIC=W9645-GZYNK-8X1UZ-JI6K9-FA8NR-Z8DX0
 
Tool Versions:
Toolchain:       MDK-ARM Professional  Version: 5.14.0.0
Toolchain Path:  D:\MDK5\ARM\ARMCC\Bin
C Compiler:      Armcc.exe V5.05 update 1 (build 106)
Assembler:       Armasm.exe V5.05 update 1 (build 106)
Linker/Locator:  ArmLink.exe V5.05 update 1 (build 106)
Library Manager: ArmAr.exe V5.05 update 1 (build 106)
Hex Converter:   FromElf.exe V5.05 update 1 (build 106)
CPU DLL:         SARMCM3.DLL V5.14.0.0
Dialog DLL:      DCM.DLL V1.13.1.0
Target DLL:      Segger\JL2CM3.dll V2.99.13.0
Dialog DLL:      TCM.DLL V1.14.4.0
 
<h2>Project:</h2>
F:\¼ì²â\USER\ADC.uvprojx
Project File Date:  08/12/2017

<h2>Output:</h2>
*** Using Compiler 'V5.05 update 1 (build 106)', folder: 'D:\MDK5\ARM\ARMCC\Bin'
Build target 'ADC'
compiling main.c...
main.c(162): warning:  #1035-D: single-precision operand implicitly converted to double-precision
          if( LigthPercent[i]<0.0 )
main.c(164): warning:  #1035-D: single-precision operand implicitly converted to double-precision
          if( LigthPercent[i]>100.0 )
main.c(199): warning:  #140-D: too many arguments in function call
      SeachLength(Length);
main.c(257): warning:  #1035-D: single-precision operand implicitly converted to double-precision
                                if( LigthPercent[0]<67.4 )
main.c(259): warning:  #1035-D: single-precision operand implicitly converted to double-precision
                                        if( LigthPercent[0]<62.6 )
main.c(260): warning:  #173-D: floating-point value does not fit in required integral type
                                        { x = 13.7;y=-14.1;}
main.c(261): warning:  #173-D: floating-point value does not fit in required integral type
                                        else { x = 4.6;y = -14.3; }
main.c(263): warning:  #1035-D: single-precision operand implicitly converted to double-precision
                                else    if( LigthPercent[0]<77.6 )
main.c(265): warning:  #1035-D: single-precision operand implicitly converted to double-precision
                                        if( LigthPercent[0]<74.4 )
main.c(267): warning:  #173-D: floating-point value does not fit in required integral type
                                                else { x = -3.6;y = -10.3; }
main.c(267): warning:  #173-D: floating-point value does not fit in required integral type
                                                else { x = -3.6;y = -10.3; }
main.c(269): warning:  #1035-D: single-precision operand implicitly converted to double-precision
                                else if( LigthPercent[0]<87.2 )
main.c(271): warning:  #1035-D: single-precision operand implicitly converted to double-precision
                                                                if( LigthPercent[0]<83.1 )
main.c(273): warning:  #1035-D: single-precision operand implicitly converted to double-precision
                                                                        if( LigthPercent[0]<80.8 )
main.c(274): warning:  #173-D: floating-point value does not fit in required integral type
                                                                                { x = -8.6;y = -12.3; }
main.c(274): warning:  #173-D: floating-point value does not fit in required integral type
                                                                                { x = -8.6;y = -12.3; }
main.c(275): warning:  #173-D: floating-point value does not fit in required integral type
                                                                        else    { x = -5.6;y = -5.2; }
main.c(275): warning:  #173-D: floating-point value does not fit in required integral type
                                                                        else    { x = -5.6;y = -5.2; }
main.c(277): warning:  #173-D: floating-point value does not fit in required integral type
                                                                else    { x = -5.6;y = 5.3; }
main.c(279): warning:  #173-D: floating-point value does not fit in required integral type
                                                else { x = -2.6;y = -1.3; }
main.c(279): warning:  #173-D: floating-point value does not fit in required integral type
                                                else { x = -2.6;y = -1.3; }
main.c(283): warning:  #186-D: pointless comparison of unsigned integer with zero
                                if( x<0 ) 
main.c(292): warning:  #186-D: pointless comparison of unsigned integer with zero
                                if( y<0 ) 
main.c: 23 warnings, 0 errors
linking...
Program Size: Code=36722 RO-data=6574 RW-data=572 ZI-data=9124  
FromELF: creating hex file...
"..\OBJ\ADC.axf" - 0 Error(s), 23 Warning(s).

<h2>Collection of Component include folders:</h2>
  F:\¼ì²â\USER\RTE
  D:\MDK5\ARM\PACK\Keil\STM32F4xx_DFP\2.8.0\Drivers\CMSIS\Device\ST\STM32F4xx\Include

<h2>Collection of Component Files used:</h2>
</pre>
</body>
</html>
